Dec 31 08:39:14 server syslogd: kernel boot file is /boot/kernel/kernel
Dec 31 08:39:18 server syslogd: exiting on signal 15
Dec 31 08:39:19 server syslogd: kernel boot file is /boot/kernel/kernel
Dec 31 08:39:21 server syslogd: exiting on signal 15
Dec 31 08:39:21 server syslogd: kernel boot file is /boot/kernel/kernel
Dec 31 08:39:24 server syslogd: exiting on signal 15
Dec 31 08:39:24 server syslogd: kernel boot file is /boot/kernel/kernel
Dec 31 08:39:31 server syslogd: exiting on signal 15
Dec 31 08:39:31 server syslogd: kernel boot file is /boot/kernel/kernel
Dec 31 08:39:34 server syslogd: exiting on signal 15
Dec 31 08:39:34 server syslogd: kernel boot file is /boot/kernel/kernel
Dec 31 08:39:40 server syslogd: exiting on signal 15
Dec 31 08:39:40 server syslogd: kernel boot file is /boot/kernel/kernel
Dec 31 08:39:45 server syslogd: exiting on signal 15
Dec 31 08:39:45 server syslogd: kernel boot file is /boot/kernel/kernel
Dec 31 08:39:52 server syslogd: exiting on signal 15
Dec 31 08:39:52 server syslogd: kernel boot file is /boot/kernel/kernel
Dec 31 08:39:57 server syslogd: exiting on signal 15
Dec 31 08:39:57 server syslogd: kernel boot file is /boot/kernel/kernel
Dec 31 08:40:06 server syslogd: exiting on signal 15
Dec 31 08:40:06 server syslogd: kernel boot file is /boot/kernel/kernel
Dec 31 08:40:18 server syslogd: exiting on signal 15
Dec 31 08:40:19 server syslogd: kernel boot file is /boot/kernel/kernel
Dec 31 08:40:19 server kernel: pflog0: promiscuous mode disabled
Dec 31 08:40:19 server kernel: pflog0: promiscuous mode enabled
Jan 26 18:14:49 server syslogd: kernel boot file is /boot/kernel/kernel
Jan 26 18:14:49 server kernel: Copyright (c) 1992-2012 The FreeBSD Project.
Jan 26 18:14:49 server kernel: Copyright (c) 1979, 1980, 1983, 1986, 1988, 1989, 1991, 1992, 1993, 1994
Jan 26 18:14:49 server kernel: The Regents of the University of California. All rights reserved.
Jan 26 18:14:49 server kernel: FreeBSD is a registered trademark of The FreeBSD Foundation.
Jan 26 18:14:49 server kernel: FreeBSD 8.3-RELEASE-p16 #0: Mon Aug 25 08:27:11 EDT 2014
Jan 26 18:14:49 server kernel: root@pf2_1_1_amd64.pfsense.org:/usr/obj.amd64/usr/pfSensesrc/src/sys/pfSense_SMP.8 amd64
Jan 26 18:14:49 server kernel: Timecounter "i8254" frequency 1193182 Hz quality 0
Jan 26 18:14:49 server kernel: CPU: AMD Phenom(tm) II X4 965 Processor (3374.38-MHz K8-class CPU)
Jan 26 18:14:49 server kernel: Origin = "AuthenticAMD"  Id = 0x100f43  Family = 10  Model = 4  Stepping = 3
Jan 26 18:14:49 server kernel: Features=0x783fbff<FPU,VME,DE,PSE,TSC,MSR,PAE,MCE,CX8,APIC,SEP,MTRR,PGE,MCA,CMOV,PAT,PSE36,MMX,FXSR,SSE,SSE2>
Jan 26 18:14:49 server kernel: Features2=0x9<SSE3,MON>
Jan 26 18:14:49 server kernel: AMD Features=0xea100800<SYSCALL,NX,FFXSR,RDTSCP,LM,3DNow!+,3DNow!>
Jan 26 18:14:49 server kernel: AMD Features2=0x11<LAHF,CR8>
Jan 26 18:14:49 server kernel: TSC: P-state invariant
Jan 26 18:14:49 server kernel: real memory  = 268369920 (255 MB)
Jan 26 18:14:49 server kernel: avail memory = 232529920 (221 MB)
Jan 26 18:14:49 server kernel: ACPI APIC Table: <VBOX   VBOXAPIC>
Jan 26 18:14:49 server kernel: ioapic0 <Version 1.1> irqs 0-23 on motherboard
Jan 26 18:14:49 server kernel: wlan: mac acl policy registered
Jan 26 18:14:49 server kernel: ipw_bss: You need to read the LICENSE file in /usr/share/doc/legal/intel_ipw/.
Jan 26 18:14:49 server kernel: ipw_bss: If you agree with the license, set legal.intel_ipw.license_ack=1 in /boot/loader.conf.
Jan 26 18:14:49 server kernel: module_register_init: MOD_LOAD (ipw_bss_fw, 0xffffffff804abaf0, 0) error 1
Jan 26 18:14:49 server kernel: ipw_ibss: You need to read the LICENSE file in /usr/share/doc/legal/intel_ipw/.
Jan 26 18:14:49 server kernel: ipw_ibss: If you agree with the license, set legal.intel_ipw.license_ack=1 in /boot/loader.conf.
Jan 26 18:14:49 server kernel: module_register_init: MOD_LOAD (ipw_ibss_fw, 0xffffffff804abb90, 0) error 1
Jan 26 18:14:49 server kernel: ipw_monitor: You need to read the LICENSE file in /usr/share/doc/legal/intel_ipw/.
Jan 26 18:14:49 server kernel: ipw_monitor: If you agree with the license, set legal.intel_ipw.license_ack=1 in /boot/loader.conf.
Jan 26 18:14:49 server kernel: module_register_init: MOD_LOAD (ipw_monitor_fw, 0xffffffff804abc30, 0) error 1
Jan 26 18:14:49 server kernel: kbd1 at kbdmux0
Jan 26 18:14:49 server kernel: cryptosoft0: <software crypto> on motherboard
Jan 26 18:14:49 server kernel: padlock0: No ACE support.
Jan 26 18:14:49 server kernel: acpi0: <VBOX VBOXXSDT> on motherboard
Jan 26 18:14:49 server kernel: acpi0: [ITHREAD]
Jan 26 18:14:49 server kernel: acpi0: Power Button (fixed)
Jan 26 18:14:49 server kernel: acpi0: Sleep Button (fixed)
Jan 26 18:14:49 server kernel: Timecounter "ACPI-safe" frequency 3579545 Hz quality 850
Jan 26 18:14:49 server kernel: acpi_timer0: <32-bit timer at 3.579545MHz> port 0x4008-0x400b on acpi0
Jan 26 18:14:49 server kernel: cpu0: <ACPI CPU> on acpi0
Jan 26 18:14:49 server kernel: pcib0: <ACPI Host-PCI bridge> port 0xcf8-0xcff on acpi0
Jan 26 18:14:49 server kernel: pci0: <ACPI PCI bus> on pcib0
Jan 26 18:14:49 server kernel: isab0: <PCI-ISA bridge> at device 1.0 on pci0
Jan 26 18:14:49 server kernel: isa0: <ISA bus> on isab0
Jan 26 18:14:49 server kernel: atapci0: <Intel PIIX4 UDMA33 controller> port 0x1f0-0x1f7,0x3f6,0x170-0x177,0x376,0xd000-0xd00f at device 1.1 on pci0
Jan 26 18:14:49 server kernel: ata0: <ATA channel> at channel 0 on atapci0
Jan 26 18:14:49 server kernel: ata0: [ITHREAD]
Jan 26 18:14:49 server kernel: ata1: <ATA channel> at channel 1 on atapci0
Jan 26 18:14:49 server kernel: ata1: [ITHREAD]
Jan 26 18:14:49 server kernel: vgapci0: <VGA-compatible display> mem 0xe0000000-0xe0ffffff irq 18 at device 2.0 on pci0
Jan 26 18:14:49 server kernel: em0: <Intel(R) PRO/1000 Legacy Network Connection 1.0.6> port 0xd010-0xd017 mem 0xf0000000-0xf001ffff irq 19 at device 3.0 on pci0
Jan 26 18:14:49 server kernel: em0: [FILTER]
Jan 26 18:14:49 server kernel: pci0: <base peripheral> at device 4.0 (no driver attached)
Jan 26 18:14:49 server kernel: pci0: <bridge> at device 7.0 (no driver attached)
Jan 26 18:14:49 server kernel: em1: <Intel(R) PRO/1000 Legacy Network Connection 1.0.6> port 0xd040-0xd047 mem 0xf0820000-0xf083ffff irq 16 at device 8.0 on pci0
Jan 26 18:14:49 server kernel: em1: [FILTER]
Jan 26 18:14:49 server kernel: em2: <Intel(R) PRO/1000 Legacy Network Connection 1.0.6> port 0xd048-0xd04f mem 0xf0840000-0xf085ffff irq 17 at device 9.0 on pci0
Jan 26 18:14:49 server kernel: em2: [FILTER]
Jan 26 18:14:49 server kernel: acpi_acad0: <AC Adapter> on acpi0
Jan 26 18:14:49 server kernel: atkbdc0: <Keyboard controller (i8042)> port 0x60,0x64 irq 1 on acpi0
Jan 26 18:14:49 server kernel: atkbd0: <AT Keyboard> irq 1 on atkbdc0
Jan 26 18:14:49 server kernel: kbd0 at atkbd0
Jan 26 18:14:49 server kernel: atkbd0: [GIANT-LOCKED]
Jan 26 18:14:49 server kernel: atkbd0: [ITHREAD]
Jan 26 18:14:49 server kernel: psm0: <PS/2 Mouse> irq 12 on atkbdc0
Jan 26 18:14:49 server kernel: psm0: [GIANT-LOCKED]
Jan 26 18:14:49 server kernel: psm0: [ITHREAD]
Jan 26 18:14:49 server kernel: psm0: model IntelliMouse Explorer, device ID 4
Jan 26 18:14:49 server kernel: orm0: <ISA Option ROMs> at iomem 0xc0000-0xc7fff,0xe2000-0xeefff on isa0
Jan 26 18:14:49 server kernel: sc0: <System console> at flags 0x100 on isa0
Jan 26 18:14:49 server kernel: sc0: VGA <16 virtual consoles, flags=0x300>
Jan 26 18:14:49 server kernel: vga0: <Generic ISA VGA> at port 0x3c0-0x3df iomem 0xa0000-0xbffff on isa0
Jan 26 18:14:49 server kernel: atrtc0: <AT Real Time Clock> at port 0x70 irq 8 on isa0
Jan 26 18:14:49 server kernel: ppc0: cannot reserve I/O port range
Jan 26 18:14:49 server kernel: Timecounter "TSC" frequency 3374375035 Hz quality 800
Jan 26 18:14:49 server kernel: Timecounters tick every 10.000 msec
Jan 26 18:14:49 server kernel: IPsec: Initialized Security Association Processing.
Jan 26 18:14:49 server kernel: ad0: 2048MB <VBOX HARDDISK 1.0> at ata0-master UDMA33 
Jan 26 18:14:49 server kernel: acd0: DVDROM <VBOX CD-ROM/1.0> at ata1-master UDMA33 
Jan 26 18:14:49 server kernel: Trying to mount root from ufs:/dev/ad0s1a
Jan 26 18:14:49 server kernel: WARNING: / was not properly dismounted
Jan 26 18:14:49 server kernel: ZFS NOTICE: Prefetch is disabled by default if less than 4GB of RAM is present;
Jan 26 18:14:49 server kernel: to enable, add "vfs.zfs.prefetch_disable=0" to /boot/loader.conf.
Jan 26 18:14:49 server kernel: ZFS WARNING: Recommended minimum RAM size is 512MB; expect unstable behavior.
Jan 26 18:14:49 server kernel: ZFS WARNING: Recommended minimum kmem_size is 512MB; expect unstable behavior.
Jan 26 18:14:49 server kernel: Consider tuning vm.kmem_size and vm.kmem_size_max
Jan 26 18:14:49 server kernel: in /boot/loader.conf.
Jan 26 18:14:49 server kernel: ZFS filesystem version 5
Jan 26 18:14:49 server kernel: ZFS storage pool version 28
Jan 26 18:14:49 server sshd[10712]: Server listening on :: port 22.
Jan 26 18:14:49 server sshd[10712]: Server listening on 0.0.0.0 port 22.
Jan 26 18:14:49 server sshlockout[11091]: sshlockout/webConfigurator v3.0 starting up
Jan 26 18:14:53 server check_reload_status: rc.newwanip starting em0
Jan 26 18:14:53 server php: rc.bootup: Accept router advertisements on interface em0 
Jan 26 18:14:53 server php: rc.bootup: Resyncing OpenVPN instances.
Jan 26 18:14:53 server kernel: pflog0: promiscuous mode enabled
Jan 26 18:14:55 server php: rc.newwanip: rc.newwanip: Informational is starting em0.
Jan 26 18:14:56 server php: rc.newwanip: rc.newwanip: on (IP address: 192.168.1.103) (interface: WAN[wan]) (real interface: em0).
Jan 26 18:14:56 server php: rc.newwanip: ROUTING: setting default route to 192.168.1.1
Jan 26 18:14:56 server php: rc.bootup: ROUTING: setting default route to 192.168.1.1
Jan 26 18:14:57 server check_reload_status: Updating all dyndns
Jan 26 18:14:57 server kernel: ipfw2 (+ipv6) initialized, divert loadable, nat loadable, rule-based forwarding enabled, default to accept, logging disabled
Jan 26 18:14:57 server kernel: DUMMYNET 0 with IPv6 initialized (100409)
Jan 26 18:14:57 server kernel: load_dn_sched dn_sched FIFO loaded
Jan 26 18:14:57 server kernel: load_dn_sched dn_sched QFQ loaded
Jan 26 18:14:57 server kernel: load_dn_sched dn_sched RR loaded
Jan 26 18:14:57 server kernel: load_dn_sched dn_sched WF2Q+ loaded
Jan 26 18:14:57 server kernel: load_dn_sched dn_sched PRIO loaded
Jan 26 10:15:04 server php: rc.newwanip: Resyncing OpenVPN instances for interface WAN.
Jan 26 10:15:04 server php: rc.newwanip: Creating rrd update script
Jan 26 10:15:04 server php: rc.bootup: Creating rrd update script
Jan 26 10:15:04 server syslogd: exiting on signal 15
Jan 26 10:15:04 server syslogd: kernel boot file is /boot/kernel/kernel
Jan 26 10:15:04 server php: rc.start_packages: Restarting/Starting all packages.
Jan 26 10:15:06 server php: rc.newwanip: Smartlaunch package system has detected an ip change 192.168.1.102 ->  192.168.1.103 ... Restarting packages.
Jan 26 10:15:06 server check_reload_status: Starting packages
Jan 26 10:15:06 server check_reload_status: Reloading filter
Jan 26 10:15:08 server login: login on ttyv0 as root
Jan 26 10:15:08 server sshlockout[99156]: sshlockout/webConfigurator v3.0 starting up
Jan 26 10:15:08 server php: rc.start_packages: Restarting/Starting all packages.
Jan 26 18:37:58 server syslogd: kernel boot file is /boot/kernel/kernel
Jan 26 18:37:58 server kernel: Copyright (c) 1992-2012 The FreeBSD Project.
Jan 26 18:37:58 server kernel: Copyright (c) 1979, 1980, 1983, 1986, 1988, 1989, 1991, 1992, 1993, 1994
Jan 26 18:37:58 server kernel: The Regents of the University of California. All rights reserved.
Jan 26 18:37:58 server kernel: FreeBSD is a registered trademark of The FreeBSD Foundation.
Jan 26 18:37:58 server kernel: FreeBSD 8.3-RELEASE-p16 #0: Mon Aug 25 08:27:11 EDT 2014
Jan 26 18:37:58 server kernel: root@pf2_1_1_amd64.pfsense.org:/usr/obj.amd64/usr/pfSensesrc/src/sys/pfSense_SMP.8 amd64
Jan 26 18:37:58 server kernel: Timecounter "i8254" frequency 1193182 Hz quality 0
Jan 26 18:37:58 server kernel: CPU: AMD Phenom(tm) II X4 965 Processor (3382.93-MHz K8-class CPU)
Jan 26 18:37:58 server kernel: Origin = "AuthenticAMD"  Id = 0x100f43  Family = 10  Model = 4  Stepping = 3
Jan 26 18:37:58 server kernel: Features=0x783fbff<FPU,VME,DE,PSE,TSC,MSR,PAE,MCE,CX8,APIC,SEP,MTRR,PGE,MCA,CMOV,PAT,PSE36,MMX,FXSR,SSE,SSE2>
Jan 26 18:37:58 server kernel: Features2=0x9<SSE3,MON>
Jan 26 18:37:58 server kernel: AMD Features=0xea100800<SYSCALL,NX,FFXSR,RDTSCP,LM,3DNow!+,3DNow!>
Jan 26 18:37:58 server kernel: AMD Features2=0x11<LAHF,CR8>
Jan 26 18:37:58 server kernel: TSC: P-state invariant
Jan 26 18:37:58 server kernel: real memory  = 268369920 (255 MB)
Jan 26 18:37:58 server kernel: avail memory = 232529920 (221 MB)
Jan 26 18:37:58 server kernel: ACPI APIC Table: <VBOX   VBOXAPIC>
Jan 26 18:37:58 server kernel: ioapic0 <Version 1.1> irqs 0-23 on motherboard
Jan 26 18:37:58 server kernel: wlan: mac acl policy registered
Jan 26 18:37:58 server kernel: ipw_bss: You need to read the LICENSE file in /usr/share/doc/legal/intel_ipw/.
Jan 26 18:37:58 server kernel: ipw_bss: If you agree with the license, set legal.intel_ipw.license_ack=1 in /boot/loader.conf.
Jan 26 18:37:58 server kernel: module_register_init: MOD_LOAD (ipw_bss_fw, 0xffffffff804abaf0, 0) error 1
Jan 26 18:37:58 server kernel: ipw_ibss: You need to read the LICENSE file in /usr/share/doc/legal/intel_ipw/.
Jan 26 18:37:58 server kernel: ipw_ibss: If you agree with the license, set legal.intel_ipw.license_ack=1 in /boot/loader.conf.
Jan 26 18:37:58 server kernel: module_register_init: MOD_LOAD (ipw_ibss_fw, 0xffffffff804abb90, 0) error 1
Jan 26 18:37:58 server kernel: ipw_monitor: You need to read the LICENSE file in /usr/share/doc/legal/intel_ipw/.
Jan 26 18:37:58 server kernel: ipw_monitor: If you agree with the license, set legal.intel_ipw.license_ack=1 in /boot/loader.conf.
Jan 26 18:37:58 server kernel: module_register_init: MOD_LOAD (ipw_monitor_fw, 0xffffffff804abc30, 0) error 1
Jan 26 18:37:58 server kernel: kbd1 at kbdmux0
Jan 26 18:37:58 server kernel: cryptosoft0: <software crypto> on motherboard
Jan 26 18:37:58 server kernel: padlock0: No ACE support.
Jan 26 18:37:58 server kernel: acpi0: <VBOX VBOXXSDT> on motherboard
Jan 26 18:37:58 server kernel: acpi0: [ITHREAD]
Jan 26 18:37:58 server kernel: acpi0: Power Button (fixed)
Jan 26 18:37:58 server kernel: acpi0: Sleep Button (fixed)
Jan 26 18:37:58 server kernel: Timecounter "ACPI-safe" frequency 3579545 Hz quality 850
Jan 26 18:37:58 server kernel: acpi_timer0: <32-bit timer at 3.579545MHz> port 0x4008-0x400b on acpi0
Jan 26 18:37:58 server kernel: cpu0: <ACPI CPU> on acpi0
Jan 26 18:37:58 server kernel: pcib0: <ACPI Host-PCI bridge> port 0xcf8-0xcff on acpi0
Jan 26 18:37:58 server kernel: pci0: <ACPI PCI bus> on pcib0
Jan 26 18:37:58 server kernel: isab0: <PCI-ISA bridge> at device 1.0 on pci0
Jan 26 18:37:58 server kernel: isa0: <ISA bus> on isab0
Jan 26 18:37:58 server kernel: atapci0: <Intel PIIX4 UDMA33 controller> port 0x1f0-0x1f7,0x3f6,0x170-0x177,0x376,0xd000-0xd00f at device 1.1 on pci0
Jan 26 18:37:58 server kernel: ata0: <ATA channel> at channel 0 on atapci0
Jan 26 18:37:58 server kernel: ata0: [ITHREAD]
Jan 26 18:37:58 server kernel: ata1: <ATA channel> at channel 1 on atapci0
Jan 26 18:37:58 server kernel: ata1: [ITHREAD]
Jan 26 18:37:58 server kernel: vgapci0: <VGA-compatible display> mem 0xe0000000-0xe0ffffff irq 18 at device 2.0 on pci0
Jan 26 18:37:58 server kernel: em0: <Intel(R) PRO/1000 Legacy Network Connection 1.0.6> port 0xd010-0xd017 mem 0xf0000000-0xf001ffff irq 19 at device 3.0 on pci0
Jan 26 18:37:58 server kernel: em0: [FILTER]
Jan 26 18:37:58 server kernel: pci0: <base peripheral> at device 4.0 (no driver attached)
Jan 26 18:37:58 server kernel: pci0: <bridge> at device 7.0 (no driver attached)
Jan 26 18:37:58 server kernel: em1: <Intel(R) PRO/1000 Legacy Network Connection 1.0.6> port 0xd040-0xd047 mem 0xf0820000-0xf083ffff irq 16 at device 8.0 on pci0
Jan 26 18:37:58 server kernel: em1: [FILTER]
Jan 26 18:37:58 server kernel: em2: <Intel(R) PRO/1000 Legacy Network Connection 1.0.6> port 0xd048-0xd04f mem 0xf0840000-0xf085ffff irq 17 at device 9.0 on pci0
Jan 26 18:37:58 server kernel: em2: [FILTER]
Jan 26 18:37:58 server kernel: acpi_acad0: <AC Adapter> on acpi0
Jan 26 18:37:58 server kernel: atkbdc0: <Keyboard controller (i8042)> port 0x60,0x64 irq 1 on acpi0
Jan 26 18:37:58 server kernel: atkbd0: <AT Keyboard> irq 1 on atkbdc0
Jan 26 18:37:58 server kernel: kbd0 at atkbd0
Jan 26 18:37:58 server kernel: atkbd0: [GIANT-LOCKED]
Jan 26 18:37:58 server kernel: atkbd0: [ITHREAD]
Jan 26 18:37:58 server kernel: psm0: <PS/2 Mouse> irq 12 on atkbdc0
Jan 26 18:37:58 server kernel: psm0: [GIANT-LOCKED]
Jan 26 18:37:58 server kernel: psm0: [ITHREAD]
Jan 26 18:37:58 server kernel: psm0: model IntelliMouse Explorer, device ID 4
Jan 26 18:37:58 server kernel: orm0: <ISA Option ROMs> at iomem 0xc0000-0xc7fff,0xe2000-0xeefff on isa0
Jan 26 18:37:58 server kernel: sc0: <System console> at flags 0x100 on isa0
Jan 26 18:37:58 server kernel: sc0: VGA <16 virtual consoles, flags=0x300>
Jan 26 18:37:58 server kernel: vga0: <Generic ISA VGA> at port 0x3c0-0x3df iomem 0xa0000-0xbffff on isa0
Jan 26 18:37:58 server kernel: atrtc0: <AT Real Time Clock> at port 0x70 irq 8 on isa0
Jan 26 18:37:58 server kernel: ppc0: cannot reserve I/O port range
Jan 26 18:37:58 server kernel: Timecounter "TSC" frequency 3382929690 Hz quality 800
Jan 26 18:37:58 server kernel: Timecounters tick every 10.000 msec
Jan 26 18:37:58 server kernel: IPsec: Initialized Security Association Processing.
Jan 26 18:37:58 server kernel: ad0: 2048MB <VBOX HARDDISK 1.0> at ata0-master UDMA33 
Jan 26 18:37:58 server kernel: acd0: DVDROM <VBOX CD-ROM/1.0> at ata1-master UDMA33 
Jan 26 18:37:58 server kernel: Trying to mount root from ufs:/dev/ad0s1a
Jan 26 18:37:58 server kernel: WARNING: / was not properly dismounted
Jan 26 18:37:58 server kernel: ZFS NOTICE: Prefetch is disabled by default if less than 4GB of RAM is present;
Jan 26 18:37:58 server kernel: to enable, add "vfs.zfs.prefetch_disable=0" to /boot/loader.conf.
Jan 26 18:37:58 server kernel: ZFS WARNING: Recommended minimum RAM size is 512MB; expect unstable behavior.
Jan 26 18:37:58 server kernel: ZFS WARNING: Recommended minimum kmem_size is 512MB; expect unstable behavior.
Jan 26 18:37:58 server kernel: Consider tuning vm.kmem_size and vm.kmem_size_max
Jan 26 18:37:58 server kernel: in /boot/loader.conf.
Jan 26 18:37:58 server kernel: ZFS filesystem version 5
Jan 26 18:37:58 server kernel: ZFS storage pool version 28
Jan 26 18:37:58 server sshd[9504]: Server listening on :: port 22.
Jan 26 18:37:58 server sshd[9504]: Server listening on 0.0.0.0 port 22.
Jan 26 18:37:58 server sshlockout[9915]: sshlockout/webConfigurator v3.0 starting up
Jan 26 18:37:58 server php: rc.bootup: Accept router advertisements on interface em0 
Jan 26 18:37:58 server php: rc.bootup: Resyncing OpenVPN instances.
Jan 26 18:37:58 server check_reload_status: rc.newwanip starting em0
Jan 26 18:37:58 server kernel: pflog0: promiscuous mode enabled
Jan 26 18:38:00 server php: rc.newwanip: rc.newwanip: Informational is starting em0.
Jan 26 18:38:00 server php: rc.newwanip: rc.newwanip: on (IP address: 192.168.1.103) (interface: WAN[wan]) (real interface: em0).
Jan 26 18:38:00 server php: rc.newwanip: ROUTING: setting default route to 192.168.1.1
Jan 26 18:38:01 server php: rc.bootup: ROUTING: setting default route to 192.168.1.1
Jan 26 18:38:01 server check_reload_status: Updating all dyndns
Jan 26 18:38:02 server kernel: ipfw2 (+ipv6) initialized, divert loadable, nat loadable, rule-based forwarding enabled, default to accept, logging disabled
Jan 26 18:38:02 server kernel: DUMMYNET 0 with IPv6 initialized (100409)
Jan 26 18:38:02 server kernel: load_dn_sched dn_sched FIFO loaded
Jan 26 18:38:02 server kernel: load_dn_sched dn_sched QFQ loaded
Jan 26 18:38:02 server kernel: load_dn_sched dn_sched RR loaded
Jan 26 18:38:02 server kernel: load_dn_sched dn_sched WF2Q+ loaded
Jan 26 18:38:02 server kernel: load_dn_sched dn_sched PRIO loaded
Jan 26 10:38:09 server php: rc.newwanip: Resyncing OpenVPN instances for interface WAN.
Jan 26 10:38:09 server php: rc.newwanip: Creating rrd update script
Jan 26 10:38:09 server php: rc.bootup: Creating rrd update script
Jan 26 10:38:09 server syslogd: exiting on signal 15
Jan 26 10:38:09 server syslogd: kernel boot file is /boot/kernel/kernel
Jan 26 10:38:09 server php: rc.start_packages: Restarting/Starting all packages.
Jan 26 10:38:11 server php: rc.newwanip: Smartlaunch package system has detected an ip change 192.168.1.103 ->  192.168.1.103 ... Restarting packages.
Jan 26 10:38:11 server check_reload_status: Starting packages
Jan 26 10:38:11 server check_reload_status: Reloading filter
Jan 26 10:38:13 server login: login on ttyv0 as root
Jan 26 10:38:13 server sshlockout[95708]: sshlockout/webConfigurator v3.0 starting up
Jan 26 10:38:13 server php: rc.start_packages: Restarting/Starting all packages.
Jan 26 10:38:45 server sshd[5577]: Accepted keyboard-interactive/pam for root from 192.168.0.25 port 65229 ssh2
Feb 22 20:17:04 server syslogd: kernel boot file is /boot/kernel/kernel
Feb 22 20:17:04 server kernel: Copyright (c) 1992-2012 The FreeBSD Project.
Feb 22 20:17:04 server kernel: Copyright (c) 1979, 1980, 1983, 1986, 1988, 1989, 1991, 1992, 1993, 1994
Feb 22 20:17:04 server kernel: The Regents of the University of California. All rights reserved.
Feb 22 20:17:04 server kernel: FreeBSD is a registered trademark of The FreeBSD Foundation.
Feb 22 20:17:04 server kernel: FreeBSD 8.3-RELEASE-p16 #0: Mon Aug 25 08:27:11 EDT 2014
Feb 22 20:17:04 server kernel: root@pf2_1_1_amd64.pfsense.org:/usr/obj.amd64/usr/pfSensesrc/src/sys/pfSense_SMP.8 amd64
Feb 22 20:17:04 server kernel: Timecounter "i8254" frequency 1193182 Hz quality 0
Feb 22 20:17:04 server kernel: CPU: AMD Phenom(tm) II X4 965 Processor (3383.99-MHz K8-class CPU)
Feb 22 20:17:04 server kernel: Origin = "AuthenticAMD"  Id = 0x100f43  Family = 10  Model = 4  Stepping = 3
Feb 22 20:17:04 server kernel: Features=0x783fbff<FPU,VME,DE,PSE,TSC,MSR,PAE,MCE,CX8,APIC,SEP,MTRR,PGE,MCA,CMOV,PAT,PSE36,MMX,FXSR,SSE,SSE2>
Feb 22 20:17:04 server kernel: Features2=0x9<SSE3,MON>
Feb 22 20:17:04 server kernel: AMD Features=0xea100800<SYSCALL,NX,FFXSR,RDTSCP,LM,3DNow!+,3DNow!>
Feb 22 20:17:04 server kernel: AMD Features2=0x11<LAHF,CR8>
Feb 22 20:17:04 server kernel: TSC: P-state invariant
Feb 22 20:17:04 server kernel: real memory  = 268369920 (255 MB)
Feb 22 20:17:04 server kernel: avail memory = 232529920 (221 MB)
Feb 22 20:17:04 server kernel: ACPI APIC Table: <VBOX   VBOXAPIC>
Feb 22 20:17:04 server kernel: ioapic0 <Version 1.1> irqs 0-23 on motherboard
Feb 22 20:17:04 server kernel: wlan: mac acl policy registered
Feb 22 20:17:04 server kernel: ipw_bss: You need to read the LICENSE file in /usr/share/doc/legal/intel_ipw/.
Feb 22 20:17:04 server kernel: ipw_bss: If you agree with the license, set legal.intel_ipw.license_ack=1 in /boot/loader.conf.
Feb 22 20:17:04 server kernel: module_register_init: MOD_LOAD (ipw_bss_fw, 0xffffffff804abaf0, 0) error 1
Feb 22 20:17:04 server kernel: ipw_ibss: You need to read the LICENSE file in /usr/share/doc/legal/intel_ipw/.
Feb 22 20:17:04 server kernel: ipw_ibss: If you agree with the license, set legal.intel_ipw.license_ack=1 in /boot/loader.conf.
Feb 22 20:17:04 server kernel: module_register_init: MOD_LOAD (ipw_ibss_fw, 0xffffffff804abb90, 0) error 1
Feb 22 20:17:04 server kernel: ipw_monitor: You need to read the LICENSE file in /usr/share/doc/legal/intel_ipw/.
Feb 22 20:17:04 server kernel: ipw_monitor: If you agree with the license, set legal.intel_ipw.license_ack=1 in /boot/loader.conf.
Feb 22 20:17:04 server kernel: module_register_init: MOD_LOAD (ipw_monitor_fw, 0xffffffff804abc30, 0) error 1
Feb 22 20:17:04 server kernel: kbd1 at kbdmux0
Feb 22 20:17:04 server kernel: cryptosoft0: <software crypto> on motherboard
Feb 22 20:17:04 server kernel: padlock0: No ACE support.
Feb 22 20:17:04 server kernel: acpi0: <VBOX VBOXXSDT> on motherboard
Feb 22 20:17:04 server kernel: acpi0: [ITHREAD]
Feb 22 20:17:04 server kernel: acpi0: Power Button (fixed)
Feb 22 20:17:04 server kernel: acpi0: Sleep Button (fixed)
Feb 22 20:17:04 server kernel: Timecounter "ACPI-safe" frequency 3579545 Hz quality 850
Feb 22 20:17:04 server kernel: acpi_timer0: <32-bit timer at 3.579545MHz> port 0x4008-0x400b on acpi0
Feb 22 20:17:04 server kernel: cpu0: <ACPI CPU> on acpi0
Feb 22 20:17:04 server kernel: pcib0: <ACPI Host-PCI bridge> port 0xcf8-0xcff on acpi0
Feb 22 20:17:04 server kernel: pci0: <ACPI PCI bus> on pcib0
Feb 22 20:17:04 server kernel: isab0: <PCI-ISA bridge> at device 1.0 on pci0
Feb 22 20:17:04 server kernel: isa0: <ISA bus> on isab0
Feb 22 20:17:04 server kernel: atapci0: <Intel PIIX4 UDMA33 controller> port 0x1f0-0x1f7,0x3f6,0x170-0x177,0x376,0xd000-0xd00f at device 1.1 on pci0
Feb 22 20:17:04 server kernel: ata0: <ATA channel> at channel 0 on atapci0
Feb 22 20:17:04 server kernel: ata0: [ITHREAD]
Feb 22 20:17:04 server kernel: ata1: <ATA channel> at channel 1 on atapci0
Feb 22 20:17:04 server kernel: ata1: [ITHREAD]
Feb 22 20:17:04 server kernel: vgapci0: <VGA-compatible display> mem 0xe0000000-0xe0ffffff irq 18 at device 2.0 on pci0
Feb 22 20:17:04 server kernel: em0: <Intel(R) PRO/1000 Legacy Network Connection 1.0.6> port 0xd010-0xd017 mem 0xf0000000-0xf001ffff irq 19 at device 3.0 on pci0
Feb 22 20:17:04 server kernel: em0: [FILTER]
Feb 22 20:17:04 server kernel: pci0: <base peripheral> at device 4.0 (no driver attached)
Feb 22 20:17:04 server kernel: pci0: <bridge> at device 7.0 (no driver attached)
Feb 22 20:17:04 server kernel: em1: <Intel(R) PRO/1000 Legacy Network Connection 1.0.6> port 0xd040-0xd047 mem 0xf0820000-0xf083ffff irq 16 at device 8.0 on pci0
Feb 22 20:17:04 server kernel: em1: [FILTER]
Feb 22 20:17:04 server kernel: em2: <Intel(R) PRO/1000 Legacy Network Connection 1.0.6> port 0xd048-0xd04f mem 0xf0840000-0xf085ffff irq 17 at device 9.0 on pci0
Feb 22 20:17:04 server kernel: em2: [FILTER]
Feb 22 20:17:04 server kernel: acpi_acad0: <AC Adapter> on acpi0
Feb 22 20:17:04 server kernel: atkbdc0: <Keyboard controller (i8042)> port 0x60,0x64 irq 1 on acpi0
Feb 22 20:17:04 server kernel: atkbd0: <AT Keyboard> irq 1 on atkbdc0
Feb 22 20:17:04 server kernel: kbd0 at atkbd0
Feb 22 20:17:04 server kernel: atkbd0: [GIANT-LOCKED]
Feb 22 20:17:04 server kernel: atkbd0: [ITHREAD]
Feb 22 20:17:04 server kernel: psm0: <PS/2 Mouse> irq 12 on atkbdc0
Feb 22 20:17:04 server kernel: psm0: [GIANT-LOCKED]
Feb 22 20:17:04 server kernel: psm0: [ITHREAD]
Feb 22 20:17:04 server kernel: psm0: model IntelliMouse Explorer, device ID 4
Feb 22 20:17:04 server kernel: orm0: <ISA Option ROMs> at iomem 0xc0000-0xc7fff,0xe2000-0xeefff on isa0
Feb 22 20:17:04 server kernel: sc0: <System console> at flags 0x100 on isa0
Feb 22 20:17:04 server kernel: sc0: VGA <16 virtual consoles, flags=0x300>
Feb 22 20:17:04 server kernel: vga0: <Generic ISA VGA> at port 0x3c0-0x3df iomem 0xa0000-0xbffff on isa0
Feb 22 20:17:04 server kernel: atrtc0: <AT Real Time Clock> at port 0x70 irq 8 on isa0
Feb 22 20:17:04 server kernel: ppc0: cannot reserve I/O port range
Feb 22 20:17:04 server kernel: Timecounter "TSC" frequency 3383989813 Hz quality 800
Feb 22 20:17:04 server kernel: Timecounters tick every 10.000 msec
Feb 22 20:17:04 server kernel: IPsec: Initialized Security Association Processing.
Feb 22 20:17:04 server kernel: ad0: 2048MB <VBOX HARDDISK 1.0> at ata0-master UDMA33 
Feb 22 20:17:04 server kernel: acd0: DVDROM <VBOX CD-ROM/1.0> at ata1-master UDMA33 
Feb 22 20:17:04 server kernel: Trying to mount root from ufs:/dev/ad0s1a
Feb 22 20:17:04 server kernel: WARNING: / was not properly dismounted
Feb 22 20:17:04 server kernel: ZFS NOTICE: Prefetch is disabled by default if less than 4GB of RAM is present;
Feb 22 20:17:04 server kernel: to enable, add "vfs.zfs.prefetch_disable=0" to /boot/loader.conf.
Feb 22 20:17:04 server kernel: ZFS WARNING: Recommended minimum RAM size is 512MB; expect unstable behavior.
Feb 22 20:17:04 server kernel: ZFS WARNING: Recommended minimum kmem_size is 512MB; expect unstable behavior.
Feb 22 20:17:04 server kernel: Consider tuning vm.kmem_size and vm.kmem_size_max
Feb 22 20:17:04 server kernel: in /boot/loader.conf.
Feb 22 20:17:04 server kernel: ZFS filesystem version 5
Feb 22 20:17:04 server kernel: ZFS storage pool version 28
Feb 22 20:17:04 server sshd[10405]: Server listening on :: port 22.
Feb 22 20:17:04 server sshd[10405]: Server listening on 0.0.0.0 port 22.
Feb 22 20:17:04 server sshlockout[10822]: sshlockout/webConfigurator v3.0 starting up
Feb 22 20:17:08 server php: rc.bootup: Accept router advertisements on interface em0 
Feb 22 20:17:08 server check_reload_status: rc.newwanip starting em0
Feb 22 20:17:08 server php: rc.bootup: Resyncing OpenVPN instances.
Feb 22 20:17:08 server kernel: pflog0: promiscuous mode enabled
Feb 22 20:17:10 server php: rc.newwanip: rc.newwanip: Informational is starting em0.
Feb 22 20:17:10 server php: rc.newwanip: rc.newwanip: on (IP address: 192.168.1.107) (interface: WAN[wan]) (real interface: em0).
Feb 22 20:17:10 server php: rc.newwanip: ROUTING: setting default route to 192.168.1.1
Feb 22 20:17:11 server php: rc.bootup: ROUTING: setting default route to 192.168.1.1
Feb 22 20:17:12 server check_reload_status: Updating all dyndns
Feb 22 20:17:12 server kernel: ipfw2 (+ipv6) initialized, divert loadable, nat loadable, rule-based forwarding enabled, default to accept, logging disabled
Feb 22 20:17:12 server kernel: DUMMYNET 0 with IPv6 initialized (100409)
Feb 22 20:17:12 server kernel: load_dn_sched dn_sched FIFO loaded
Feb 22 20:17:12 server kernel: load_dn_sched dn_sched QFQ loaded
Feb 22 20:17:12 server kernel: load_dn_sched dn_sched RR loaded
Feb 22 20:17:12 server kernel: load_dn_sched dn_sched WF2Q+ loaded
Feb 22 20:17:12 server kernel: load_dn_sched dn_sched PRIO loaded
Feb 22 12:17:18 server php: rc.newwanip: Resyncing OpenVPN instances for interface WAN.
Feb 22 12:17:18 server php: rc.newwanip: Creating rrd update script
Feb 22 12:17:18 server php: rc.bootup: Creating rrd update script
Feb 22 12:17:18 server syslogd: exiting on signal 15
Feb 22 12:17:18 server syslogd: kernel boot file is /boot/kernel/kernel
Feb 22 12:17:18 server php: rc.start_packages: Restarting/Starting all packages.
Feb 22 12:17:20 server php: rc.newwanip: Smartlaunch package system has detected an ip change 192.168.1.103 ->  192.168.1.107 ... Restarting packages.
Feb 22 12:17:20 server check_reload_status: Starting packages
Feb 22 12:17:20 server check_reload_status: Reloading filter
Feb 22 12:17:22 server login: login on ttyv0 as root
Feb 22 12:17:22 server sshlockout[95294]: sshlockout/webConfigurator v3.0 starting up
Feb 22 12:17:22 server php: rc.start_packages: Restarting/Starting all packages.
Feb 22 12:17:57 server php: /index.php: webConfigurator authentication error for 'admin' from 192.168.0.25
Feb 22 12:17:57 server php: /index.php: webConfigurator authentication error for 'admin' from 192.168.0.25
Feb 22 12:18:45 server php: /index.php: webConfigurator authentication error for 'admin' from 192.168.0.25
Feb 22 12:18:45 server php: /index.php: webConfigurator authentication error for 'admin' from 192.168.0.25
Feb 22 12:18:48 server php: /index.php: Successful login for user 'admin' from: 192.168.0.25
Feb 22 12:18:48 server php: /index.php: Successful login for user 'admin' from: 192.168.0.25
Feb 22 12:26:48 server sshd[92248]: Accepted keyboard-interactive/pam for root from 192.168.0.25 port 55928 ssh2
Feb 22 12:26:48 server sshd[92248]: subsystem request for sftp
Feb 23 23:15:23 server syslogd: kernel boot file is /boot/kernel/kernel
Feb 23 23:15:23 server kernel: Copyright (c) 1992-2012 The FreeBSD Project.
Feb 23 23:15:23 server kernel: Copyright (c) 1979, 1980, 1983, 1986, 1988, 1989, 1991, 1992, 1993, 1994
Feb 23 23:15:23 server kernel: The Regents of the University of California. All rights reserved.
Feb 23 23:15:23 server kernel: FreeBSD is a registered trademark of The FreeBSD Foundation.
Feb 23 23:15:23 server kernel: FreeBSD 8.3-RELEASE-p16 #0: Mon Aug 25 08:27:11 EDT 2014
Feb 23 23:15:23 server kernel: root@pf2_1_1_amd64.pfsense.org:/usr/obj.amd64/usr/pfSensesrc/src/sys/pfSense_SMP.8 amd64
Feb 23 23:15:23 server kernel: Timecounter "i8254" frequency 1193182 Hz quality 0
Feb 23 23:15:23 server kernel: CPU: AMD Phenom(tm) II X4 965 Processor (3376.49-MHz K8-class CPU)
Feb 23 23:15:23 server kernel: Origin = "AuthenticAMD"  Id = 0x100f43  Family = 10  Model = 4  Stepping = 3
Feb 23 23:15:23 server kernel: Features=0x783fbff<FPU,VME,DE,PSE,TSC,MSR,PAE,MCE,CX8,APIC,SEP,MTRR,PGE,MCA,CMOV,PAT,PSE36,MMX,FXSR,SSE,SSE2>
Feb 23 23:15:23 server kernel: Features2=0x9<SSE3,MON>
Feb 23 23:15:23 server kernel: AMD Features=0xea100800<SYSCALL,NX,FFXSR,RDTSCP,LM,3DNow!+,3DNow!>
Feb 23 23:15:23 server kernel: AMD Features2=0x11<LAHF,CR8>
Feb 23 23:15:23 server kernel: TSC: P-state invariant
Feb 23 23:15:23 server kernel: real memory  = 268369920 (255 MB)
Feb 23 23:15:23 server kernel: avail memory = 232529920 (221 MB)
Feb 23 23:15:23 server kernel: ACPI APIC Table: <VBOX   VBOXAPIC>
Feb 23 23:15:23 server kernel: ioapic0 <Version 1.1> irqs 0-23 on motherboard
Feb 23 23:15:23 server kernel: wlan: mac acl policy registered
Feb 23 23:15:23 server kernel: ipw_bss: You need to read the LICENSE file in /usr/share/doc/legal/intel_ipw/.
Feb 23 23:15:23 server kernel: ipw_bss: If you agree with the license, set legal.intel_ipw.license_ack=1 in /boot/loader.conf.
Feb 23 23:15:23 server kernel: module_register_init: MOD_LOAD (ipw_bss_fw, 0xffffffff804abaf0, 0) error 1
Feb 23 23:15:23 server kernel: ipw_ibss: You need to read the LICENSE file in /usr/share/doc/legal/intel_ipw/.
Feb 23 23:15:23 server kernel: ipw_ibss: If you agree with the license, set legal.intel_ipw.license_ack=1 in /boot/loader.conf.
Feb 23 23:15:23 server kernel: module_register_init: MOD_LOAD (ipw_ibss_fw, 0xffffffff804abb90, 0) error 1
Feb 23 23:15:23 server kernel: ipw_monitor: You need to read the LICENSE file in /usr/share/doc/legal/intel_ipw/.
Feb 23 23:15:23 server kernel: ipw_monitor: If you agree with the license, set legal.intel_ipw.license_ack=1 in /boot/loader.conf.
Feb 23 23:15:23 server kernel: module_register_init: MOD_LOAD (ipw_monitor_fw, 0xffffffff804abc30, 0) error 1
Feb 23 23:15:23 server kernel: kbd1 at kbdmux0
Feb 23 23:15:23 server kernel: cryptosoft0: <software crypto> on motherboard
Feb 23 23:15:23 server kernel: padlock0: No ACE support.
Feb 23 23:15:23 server kernel: acpi0: <VBOX VBOXXSDT> on motherboard
Feb 23 23:15:23 server kernel: acpi0: [ITHREAD]
Feb 23 23:15:23 server kernel: acpi0: Power Button (fixed)
Feb 23 23:15:23 server kernel: acpi0: Sleep Button (fixed)
Feb 23 23:15:23 server kernel: Timecounter "ACPI-safe" frequency 3579545 Hz quality 850
Feb 23 23:15:23 server kernel: acpi_timer0: <32-bit timer at 3.579545MHz> port 0x4008-0x400b on acpi0
Feb 23 23:15:23 server kernel: cpu0: <ACPI CPU> on acpi0
Feb 23 23:15:23 server kernel: pcib0: <ACPI Host-PCI bridge> port 0xcf8-0xcff on acpi0
Feb 23 23:15:23 server kernel: pci0: <ACPI PCI bus> on pcib0
Feb 23 23:15:23 server kernel: isab0: <PCI-ISA bridge> at device 1.0 on pci0
Feb 23 23:15:23 server kernel: isa0: <ISA bus> on isab0
Feb 23 23:15:23 server kernel: atapci0: <Intel PIIX4 UDMA33 controller> port 0x1f0-0x1f7,0x3f6,0x170-0x177,0x376,0xd000-0xd00f at device 1.1 on pci0
Feb 23 23:15:23 server kernel: ata0: <ATA channel> at channel 0 on atapci0
Feb 23 23:15:23 server kernel: ata0: [ITHREAD]
Feb 23 23:15:23 server kernel: ata1: <ATA channel> at channel 1 on atapci0
Feb 23 23:15:23 server kernel: ata1: [ITHREAD]
Feb 23 23:15:23 server kernel: vgapci0: <VGA-compatible display> mem 0xe0000000-0xe0ffffff irq 18 at device 2.0 on pci0
Feb 23 23:15:23 server kernel: em0: <Intel(R) PRO/1000 Legacy Network Connection 1.0.6> port 0xd010-0xd017 mem 0xf0000000-0xf001ffff irq 19 at device 3.0 on pci0
Feb 23 23:15:23 server kernel: em0: [FILTER]
Feb 23 23:15:23 server kernel: pci0: <base peripheral> at device 4.0 (no driver attached)
Feb 23 23:15:23 server kernel: pci0: <bridge> at device 7.0 (no driver attached)
Feb 23 23:15:23 server kernel: em1: <Intel(R) PRO/1000 Legacy Network Connection 1.0.6> port 0xd040-0xd047 mem 0xf0820000-0xf083ffff irq 16 at device 8.0 on pci0
Feb 23 23:15:23 server kernel: em1: [FILTER]
Feb 23 23:15:23 server kernel: em2: <Intel(R) PRO/1000 Legacy Network Connection 1.0.6> port 0xd048-0xd04f mem 0xf0840000-0xf085ffff irq 17 at device 9.0 on pci0
Feb 23 23:15:23 server kernel: em2: [FILTER]
Feb 23 23:15:23 server kernel: acpi_acad0: <AC Adapter> on acpi0
Feb 23 23:15:23 server kernel: atkbdc0: <Keyboard controller (i8042)> port 0x60,0x64 irq 1 on acpi0
Feb 23 23:15:23 server kernel: atkbd0: <AT Keyboard> irq 1 on atkbdc0
Feb 23 23:15:23 server kernel: kbd0 at atkbd0
Feb 23 23:15:23 server kernel: atkbd0: [GIANT-LOCKED]
Feb 23 23:15:23 server kernel: atkbd0: [ITHREAD]
Feb 23 23:15:23 server kernel: psm0: <PS/2 Mouse> irq 12 on atkbdc0
Feb 23 23:15:23 server kernel: psm0: [GIANT-LOCKED]
Feb 23 23:15:23 server kernel: psm0: [ITHREAD]
Feb 23 23:15:23 server kernel: psm0: model IntelliMouse Explorer, device ID 4
Feb 23 23:15:23 server kernel: orm0: <ISA Option ROMs> at iomem 0xc0000-0xc7fff,0xe2000-0xeefff on isa0
Feb 23 23:15:23 server kernel: sc0: <System console> at flags 0x100 on isa0
Feb 23 23:15:23 server kernel: sc0: VGA <16 virtual consoles, flags=0x300>
Feb 23 23:15:23 server kernel: vga0: <Generic ISA VGA> at port 0x3c0-0x3df iomem 0xa0000-0xbffff on isa0
Feb 23 23:15:23 server kernel: atrtc0: <AT Real Time Clock> at port 0x70 irq 8 on isa0
Feb 23 23:15:23 server kernel: ppc0: cannot reserve I/O port range
Feb 23 23:15:23 server kernel: Timecounter "TSC" frequency 3376490424 Hz quality 800
Feb 23 23:15:23 server kernel: Timecounters tick every 10.000 msec
Feb 23 23:15:23 server kernel: IPsec: Initialized Security Association Processing.
Feb 23 23:15:23 server kernel: ad0: 2048MB <VBOX HARDDISK 1.0> at ata0-master UDMA33 
Feb 23 23:15:23 server kernel: acd0: DVDROM <VBOX CD-ROM/1.0> at ata1-master UDMA33 
Feb 23 23:15:23 server kernel: Trying to mount root from ufs:/dev/ad0s1a
Feb 23 23:15:23 server kernel: WARNING: / was not properly dismounted
Feb 23 23:15:23 server kernel: ZFS NOTICE: Prefetch is disabled by default if less than 4GB of RAM is present;
Feb 23 23:15:23 server kernel: to enable, add "vfs.zfs.prefetch_disable=0" to /boot/loader.conf.
Feb 23 23:15:23 server kernel: ZFS WARNING: Recommended minimum RAM size is 512MB; expect unstable behavior.
Feb 23 23:15:23 server kernel: ZFS WARNING: Recommended minimum kmem_size is 512MB; expect unstable behavior.
Feb 23 23:15:23 server kernel: Consider tuning vm.kmem_size and vm.kmem_size_max
Feb 23 23:15:23 server kernel: in /boot/loader.conf.
Feb 23 23:15:23 server kernel: ZFS filesystem version 5
Feb 23 23:15:23 server kernel: ZFS storage pool version 28
Feb 23 23:15:23 server sshd[9356]: Server listening on :: port 22.
Feb 23 23:15:23 server sshd[9356]: Server listening on 0.0.0.0 port 22.
Feb 23 23:15:23 server sshlockout[10247]: sshlockout/webConfigurator v3.0 starting up
Feb 23 23:15:25 server check_reload_status: rc.newwanip starting em0
Feb 23 23:15:25 server php: rc.bootup: Accept router advertisements on interface em0 
Feb 23 23:15:25 server php: rc.bootup: Resyncing OpenVPN instances.
Feb 23 23:15:25 server kernel: pflog0: promiscuous mode enabled
Feb 23 23:15:27 server php: rc.newwanip: rc.newwanip: Informational is starting em0.
Feb 23 23:15:27 server php: rc.newwanip: rc.newwanip: on (IP address: 192.168.1.107) (interface: WAN[wan]) (real interface: em0).
Feb 23 23:15:27 server php: rc.newwanip: ROUTING: setting default route to 192.168.1.1
Feb 23 23:15:28 server php: rc.bootup: ROUTING: setting default route to 192.168.1.1
Feb 23 23:15:29 server check_reload_status: Updating all dyndns
Feb 23 23:15:29 server kernel: ipfw2 (+ipv6) initialized, divert loadable, nat loadable, rule-based forwarding enabled, default to accept, logging disabled
Feb 23 23:15:29 server kernel: DUMMYNET 0 with IPv6 initialized (100409)
Feb 23 23:15:29 server kernel: load_dn_sched dn_sched FIFO loaded
Feb 23 23:15:29 server kernel: load_dn_sched dn_sched QFQ loaded
Feb 23 23:15:29 server kernel: load_dn_sched dn_sched RR loaded
Feb 23 23:15:29 server kernel: load_dn_sched dn_sched WF2Q+ loaded
Feb 23 23:15:29 server kernel: load_dn_sched dn_sched PRIO loaded
Feb 23 15:15:36 server php: rc.newwanip: Resyncing OpenVPN instances for interface WAN.
Feb 23 15:15:36 server php: rc.newwanip: Creating rrd update script
Feb 23 15:15:36 server php: rc.bootup: Creating rrd update script
Feb 23 15:15:36 server syslogd: exiting on signal 15
Feb 23 15:15:36 server syslogd: kernel boot file is /boot/kernel/kernel
Feb 23 15:15:36 server php: rc.start_packages: Restarting/Starting all packages.
Feb 23 15:15:38 server php: rc.newwanip: Smartlaunch package system has detected an ip change 192.168.1.107 ->  192.168.1.107 ... Restarting packages.
Feb 23 15:15:38 server check_reload_status: Starting packages
Feb 23 15:15:38 server check_reload_status: Reloading filter
Feb 23 15:15:40 server login: login on ttyv0 as root
Feb 23 15:15:40 server sshlockout[94198]: sshlockout/webConfigurator v3.0 starting up
Feb 23 15:15:40 server php: rc.start_packages: Restarting/Starting all packages.
Feb 23 15:16:45 server php: /index.php: webConfigurator authentication error for 'admin' from 192.168.0.25
Feb 23 15:16:45 server php: /index.php: webConfigurator authentication error for 'admin' from 192.168.0.25
Feb 23 15:16:47 server php: /index.php: Successful login for user 'admin' from: 192.168.0.25
Feb 23 15:16:47 server php: /index.php: Successful login for user 'admin' from: 192.168.0.25
Feb 23 15:21:06 server check_reload_status: Syncing firewall
Feb 23 15:21:26 server check_reload_status: Syncing firewall
Feb 23 15:21:26 server php: /services_captiveportal_hostname_edit.php: The command '/sbin/ipfw -x smartlaunch /tmp/hostname_rules' returned exit code '71', the output was 'Line 3: setsockopt(IP_FW_TABLE_ADD): File exists' 
Feb 23 15:21:41 server check_reload_status: Syncing firewall
Feb 23 15:21:41 server php: /services_captiveportal_hostname_edit.php: The command '/sbin/ipfw -x smartlaunch /tmp/hostname_rules' returned exit code '71', the output was 'Line 3: setsockopt(IP_FW_TABLE_ADD): File exists' 
Feb 23 15:21:58 server check_reload_status: Syncing firewall
Feb 23 15:21:58 server php: /services_captiveportal_hostname_edit.php: The command '/sbin/ipfw -x smartlaunch /tmp/hostname_rules' returned exit code '71', the output was 'Line 5: setsockopt(IP_FW_TABLE_ADD): File exists' 
Feb 23 15:23:26 server check_reload_status: Syncing firewall
Feb 23 15:23:26 server lighttpd[49625]: (server.c.1558) server stopped by UID = 0 PID = 28967 
Feb 23 15:23:27 server check_reload_status: Reloading filter
Feb 23 15:23:27 server minicron: (/etc/rc.prunecaptiveportal) terminated by signal 15 (Terminated: 15)
Feb 23 15:24:39 server check_reload_status: Syncing firewall
Feb 23 15:24:48 server check_reload_status: Syncing firewall
Feb 23 15:25:02 server check_reload_status: Syncing firewall
Feb 23 15:25:09 server check_reload_status: Syncing firewall
Mar  1 15:52:25 server syslogd: kernel boot file is /boot/kernel/kernel
Mar  1 15:52:25 server kernel: Copyright (c) 1992-2012 The FreeBSD Project.
Mar  1 15:52:25 server kernel: Copyright (c) 1979, 1980, 1983, 1986, 1988, 1989, 1991, 1992, 1993, 1994
Mar  1 15:52:25 server kernel: The Regents of the University of California. All rights reserved.
Mar  1 15:52:25 server kernel: FreeBSD is a registered trademark of The FreeBSD Foundation.
Mar  1 15:52:25 server kernel: FreeBSD 8.3-RELEASE-p16 #0: Mon Aug 25 08:27:11 EDT 2014
Mar  1 15:52:25 server kernel: root@pf2_1_1_amd64.pfsense.org:/usr/obj.amd64/usr/pfSensesrc/src/sys/pfSense_SMP.8 amd64
Mar  1 15:52:25 server kernel: Timecounter "i8254" frequency 1193182 Hz quality 0
Mar  1 15:52:25 server kernel: CPU: AMD Phenom(tm) II X4 965 Processor (3377.20-MHz K8-class CPU)
Mar  1 15:52:25 server kernel: Origin = "AuthenticAMD"  Id = 0x100f43  Family = 10  Model = 4  Stepping = 3
Mar  1 15:52:25 server kernel: Features=0x783fbff<FPU,VME,DE,PSE,TSC,MSR,PAE,MCE,CX8,APIC,SEP,MTRR,PGE,MCA,CMOV,PAT,PSE36,MMX,FXSR,SSE,SSE2>
Mar  1 15:52:25 server kernel: Features2=0x9<SSE3,MON>
Mar  1 15:52:25 server kernel: AMD Features=0xea100800<SYSCALL,NX,FFXSR,RDTSCP,LM,3DNow!+,3DNow!>
Mar  1 15:52:25 server kernel: AMD Features2=0x11<LAHF,CR8>
Mar  1 15:52:25 server kernel: TSC: P-state invariant
Mar  1 15:52:25 server kernel: real memory  = 268369920 (255 MB)
Mar  1 15:52:25 server kernel: avail memory = 232529920 (221 MB)
Mar  1 15:52:25 server kernel: ACPI APIC Table: <VBOX   VBOXAPIC>
Mar  1 15:52:25 server kernel: ioapic0 <Version 1.1> irqs 0-23 on motherboard
Mar  1 15:52:25 server kernel: wlan: mac acl policy registered
Mar  1 15:52:25 server kernel: ipw_bss: You need to read the LICENSE file in /usr/share/doc/legal/intel_ipw/.
Mar  1 15:52:25 server kernel: ipw_bss: If you agree with the license, set legal.intel_ipw.license_ack=1 in /boot/loader.conf.
Mar  1 15:52:25 server kernel: module_register_init: MOD_LOAD (ipw_bss_fw, 0xffffffff804abaf0, 0) error 1
Mar  1 15:52:25 server kernel: ipw_ibss: You need to read the LICENSE file in /usr/share/doc/legal/intel_ipw/.
Mar  1 15:52:25 server kernel: ipw_ibss: If you agree with the license, set legal.intel_ipw.license_ack=1 in /boot/loader.conf.
Mar  1 15:52:25 server kernel: module_register_init: MOD_LOAD (ipw_ibss_fw, 0xffffffff804abb90, 0) error 1
Mar  1 15:52:25 server kernel: ipw_monitor: You need to read the LICENSE file in /usr/share/doc/legal/intel_ipw/.
Mar  1 15:52:25 server kernel: ipw_monitor: If you agree with the license, set legal.intel_ipw.license_ack=1 in /boot/loader.conf.
Mar  1 15:52:25 server kernel: module_register_init: MOD_LOAD (ipw_monitor_fw, 0xffffffff804abc30, 0) error 1
Mar  1 15:52:25 server kernel: kbd1 at kbdmux0
Mar  1 15:52:25 server kernel: cryptosoft0: <software crypto> on motherboard
Mar  1 15:52:25 server kernel: padlock0: No ACE support.
Mar  1 15:52:25 server kernel: acpi0: <VBOX VBOXXSDT> on motherboard
Mar  1 15:52:25 server kernel: acpi0: [ITHREAD]
Mar  1 15:52:25 server kernel: acpi0: Power Button (fixed)
Mar  1 15:52:25 server kernel: acpi0: Sleep Button (fixed)
Mar  1 15:52:25 server kernel: Timecounter "ACPI-safe" frequency 3579545 Hz quality 850
Mar  1 15:52:25 server kernel: acpi_timer0: <32-bit timer at 3.579545MHz> port 0x4008-0x400b on acpi0
Mar  1 15:52:25 server kernel: cpu0: <ACPI CPU> on acpi0
Mar  1 15:52:25 server kernel: pcib0: <ACPI Host-PCI bridge> port 0xcf8-0xcff on acpi0
Mar  1 15:52:25 server kernel: pci0: <ACPI PCI bus> on pcib0
Mar  1 15:52:25 server kernel: isab0: <PCI-ISA bridge> at device 1.0 on pci0
Mar  1 15:52:25 server kernel: isa0: <ISA bus> on isab0
Mar  1 15:52:25 server kernel: atapci0: <Intel PIIX4 UDMA33 controller> port 0x1f0-0x1f7,0x3f6,0x170-0x177,0x376,0xd000-0xd00f at device 1.1 on pci0
Mar  1 15:52:25 server kernel: ata0: <ATA channel> at channel 0 on atapci0
Mar  1 15:52:25 server kernel: ata0: [ITHREAD]
Mar  1 15:52:25 server kernel: ata1: <ATA channel> at channel 1 on atapci0
Mar  1 15:52:25 server kernel: ata1: [ITHREAD]
Mar  1 15:52:25 server kernel: vgapci0: <VGA-compatible display> mem 0xe0000000-0xe0ffffff irq 18 at device 2.0 on pci0
Mar  1 15:52:25 server kernel: em0: <Intel(R) PRO/1000 Legacy Network Connection 1.0.6> port 0xd010-0xd017 mem 0xf0000000-0xf001ffff irq 19 at device 3.0 on pci0
Mar  1 15:52:25 server kernel: em0: [FILTER]
Mar  1 15:52:25 server kernel: pci0: <base peripheral> at device 4.0 (no driver attached)
Mar  1 15:52:25 server kernel: pci0: <bridge> at device 7.0 (no driver attached)
Mar  1 15:52:25 server kernel: em1: <Intel(R) PRO/1000 Legacy Network Connection 1.0.6> port 0xd040-0xd047 mem 0xf0820000-0xf083ffff irq 16 at device 8.0 on pci0
Mar  1 15:52:25 server kernel: em1: [FILTER]
Mar  1 15:52:25 server kernel: em2: <Intel(R) PRO/1000 Legacy Network Connection 1.0.6> port 0xd048-0xd04f mem 0xf0840000-0xf085ffff irq 17 at device 9.0 on pci0
Mar  1 15:52:25 server kernel: em2: [FILTER]
Mar  1 15:52:25 server kernel: acpi_acad0: <AC Adapter> on acpi0
Mar  1 15:52:25 server kernel: atkbdc0: <Keyboard controller (i8042)> port 0x60,0x64 irq 1 on acpi0
Mar  1 15:52:25 server kernel: atkbd0: <AT Keyboard> irq 1 on atkbdc0
Mar  1 15:52:25 server kernel: kbd0 at atkbd0
Mar  1 15:52:25 server kernel: atkbd0: [GIANT-LOCKED]
Mar  1 15:52:25 server kernel: atkbd0: [ITHREAD]
Mar  1 15:52:25 server kernel: psm0: <PS/2 Mouse> irq 12 on atkbdc0
Mar  1 15:52:25 server kernel: psm0: [GIANT-LOCKED]
Mar  1 15:52:25 server kernel: psm0: [ITHREAD]
Mar  1 15:52:25 server kernel: psm0: model IntelliMouse Explorer, device ID 4
Mar  1 15:52:25 server kernel: orm0: <ISA Option ROMs> at iomem 0xc0000-0xc7fff,0xe2000-0xeefff on isa0
Mar  1 15:52:25 server kernel: sc0: <System console> at flags 0x100 on isa0
Mar  1 15:52:25 server kernel: sc0: VGA <16 virtual consoles, flags=0x300>
Mar  1 15:52:25 server kernel: vga0: <Generic ISA VGA> at port 0x3c0-0x3df iomem 0xa0000-0xbffff on isa0
Mar  1 15:52:25 server kernel: atrtc0: <AT Real Time Clock> at port 0x70 irq 8 on isa0
Mar  1 15:52:25 server kernel: ppc0: cannot reserve I/O port range
Mar  1 15:52:25 server kernel: Timecounter "TSC" frequency 3377198770 Hz quality 800
Mar  1 15:52:25 server kernel: Timecounters tick every 10.000 msec
Mar  1 15:52:25 server kernel: IPsec: Initialized Security Association Processing.
Mar  1 15:52:25 server kernel: ad0: 2048MB <VBOX HARDDISK 1.0> at ata0-master UDMA33 
Mar  1 15:52:25 server kernel: acd0: DVDROM <VBOX CD-ROM/1.0> at ata1-master UDMA33 
Mar  1 15:52:25 server kernel: Trying to mount root from ufs:/dev/ad0s1a
Mar  1 15:52:25 server kernel: WARNING: / was not properly dismounted
Mar  1 15:52:25 server kernel: ZFS NOTICE: Prefetch is disabled by default if less than 4GB of RAM is present;
Mar  1 15:52:25 server kernel: to enable, add "vfs.zfs.prefetch_disable=0" to /boot/loader.conf.
Mar  1 15:52:25 server kernel: ZFS WARNING: Recommended minimum RAM size is 512MB; expect unstable behavior.
Mar  1 15:52:25 server kernel: ZFS WARNING: Recommended minimum kmem_size is 512MB; expect unstable behavior.
Mar  1 15:52:25 server kernel: Consider tuning vm.kmem_size and vm.kmem_size_max
Mar  1 15:52:25 server kernel: in /boot/loader.conf.
Mar  1 15:52:25 server kernel: ZFS filesystem version 5
Mar  1 15:52:25 server kernel: ZFS storage pool version 28
Mar  1 15:52:26 server sshd[10998]: Server listening on :: port 22.
Mar  1 15:52:26 server sshlockout[11311]: sshlockout/webConfigurator v3.0 starting up
Mar  1 15:52:26 server sshd[10998]: Server listening on 0.0.0.0 port 22.
Mar  1 15:52:29 server php: rc.bootup: Accept router advertisements on interface em0 
Mar  1 15:52:29 server check_reload_status: rc.newwanip starting em0
Mar  1 15:52:29 server php: rc.bootup: Resyncing OpenVPN instances.
Mar  1 15:52:29 server kernel: pflog0: promiscuous mode enabled
Mar  1 15:52:31 server php: rc.newwanip: rc.newwanip: Informational is starting em0.
Mar  1 15:52:31 server php: rc.newwanip: rc.newwanip: on (IP address: 192.168.1.103) (interface: WAN[wan]) (real interface: em0).
Mar  1 15:52:31 server php: rc.newwanip: ROUTING: setting default route to 192.168.1.1
Mar  1 15:52:32 server php: rc.bootup: ROUTING: setting default route to 192.168.1.1
Mar  1 15:52:32 server check_reload_status: Updating all dyndns
Mar  1 15:52:32 server kernel: ipfw2 (+ipv6) initialized, divert loadable, nat loadable, rule-based forwarding enabled, default to accept, logging disabled
Mar  1 15:52:32 server kernel: DUMMYNET 0 with IPv6 initialized (100409)
Mar  1 15:52:32 server kernel: load_dn_sched dn_sched FIFO loaded
Mar  1 15:52:32 server kernel: load_dn_sched dn_sched QFQ loaded
Mar  1 15:52:32 server kernel: load_dn_sched dn_sched RR loaded
Mar  1 15:52:32 server kernel: load_dn_sched dn_sched WF2Q+ loaded
Mar  1 15:52:32 server kernel: load_dn_sched dn_sched PRIO loaded
Mar  1 07:52:38 server php: rc.newwanip: Resyncing OpenVPN instances for interface WAN.
Mar  1 07:52:38 server php: rc.newwanip: Creating rrd update script
Mar  1 07:52:38 server php: rc.bootup: Creating rrd update script
Mar  1 07:52:39 server syslogd: exiting on signal 15
Mar  1 07:52:39 server syslogd: kernel boot file is /boot/kernel/kernel
Mar  1 07:52:39 server php: rc.start_packages: Restarting/Starting all packages.
Mar  1 07:52:40 server php: rc.newwanip: Smartlaunch package system has detected an ip change 192.168.1.107 ->  192.168.1.103 ... Restarting packages.
Mar  1 07:52:40 server check_reload_status: Starting packages
Mar  1 07:52:40 server check_reload_status: Reloading filter
Mar  1 07:52:42 server login: login on ttyv0 as root
Mar  1 07:52:42 server sshlockout[1792]: sshlockout/webConfigurator v3.0 starting up
Mar  1 07:52:43 server php: rc.start_packages: Restarting/Starting all packages.
Mar  1 07:54:35 server php: /index.php: Successful login for user 'admin' from: 192.168.0.25
Mar  1 07:54:35 server php: /index.php: Successful login for user 'admin' from: 192.168.0.25
Mar  1 07:55:45 server check_reload_status: Syncing firewall
Mar  1 07:56:30 server check_reload_status: Syncing firewall
Mar  1 07:56:31 server lighttpd[53784]: (server.c.1558) server stopped by UID = 0 PID = 35513 
Mar  1 07:56:31 server minicron: (/etc/rc.prunecaptiveportal) terminated by signal 15 (Terminated: 15)
Mar  1 07:56:31 server check_reload_status: Reloading filter
Mar  1 07:56:39 server check_reload_status: Syncing firewall
Mar  1 07:57:11 server check_reload_status: Syncing firewall
Mar  1 07:57:29 server check_reload_status: Syncing firewall
Mar  1 07:57:42 server check_reload_status: Syncing firewall
Mar  1 07:59:32 server check_reload_status: Syncing firewall
Mar  1 08:00:16 server check_reload_status: Syncing firewall
Mar  1 08:01:41 server check_reload_status: Syncing firewall
Mar  1 08:01:59 server check_reload_status: Syncing firewall
Mar  1 08:02:13 server check_reload_status: Syncing firewall
Mar  1 08:05:12 server check_reload_status: Syncing firewall
Mar  1 08:05:20 server check_reload_status: Syncing firewall
Mar  1 08:05:49 server check_reload_status: Syncing firewall
Mar  1 08:06:00 server check_reload_status: Syncing firewall
Mar  1 08:07:32 server check_reload_status: Syncing firewall
Mar  1 08:09:19 server check_reload_status: Syncing firewall
Mar  1 08:09:40 server check_reload_status: Syncing firewall
Mar  1 08:10:21 server check_reload_status: Syncing firewall
Mar  1 08:10:28 server check_reload_status: Syncing firewall
Mar  1 08:11:25 server check_reload_status: Syncing firewall
Mar  1 08:11:30 server check_reload_status: Syncing firewall
Mar  1 08:11:45 server check_reload_status: Syncing firewall
Mar  1 08:11:55 server check_reload_status: Syncing firewall
Mar  1 08:12:17 server check_reload_status: Syncing firewall
Mar  1 08:12:33 server check_reload_status: Syncing firewall
Mar  1 08:12:49 server check_reload_status: Syncing firewall
Mar  1 08:17:23 server sshd[80650]: Accepted keyboard-interactive/pam for root from 192.168.0.25 port 64896 ssh2
Mar  1 08:17:23 server sshd[80650]: subsystem request for sftp
Mar  1 08:19:54 server sshd[7129]: Accepted keyboard-interactive/pam for root from 192.168.0.25 port 65097 ssh2
Mar  1 08:23:53 server sshd[68797]: Accepted keyboard-interactive/pam for root from 192.168.0.25 port 65425 ssh2
Mar  1 08:23:53 server sshd[68797]: subsystem request for sftp
Mar  1 08:27:05 server check_reload_status: Syncing firewall
Mar  1 08:28:28 server check_reload_status: Syncing firewall
Mar  1 08:28:29 server minicron: (/etc/rc.prunecaptiveportal) terminated by signal 15 (Terminated: 15)
Mar  1 08:28:29 server lighttpd[36255]: (server.c.1558) server stopped by UID = 0 PID = 35980 
Mar  1 08:28:29 server check_reload_status: Reloading filter
Mar  1 08:30:57 server check_reload_status: Syncing firewall
Mar  1 08:31:11 server check_reload_status: Syncing firewall
Mar  1 08:31:24 server check_reload_status: Syncing firewall
Mar  1 08:31:33 server check_reload_status: Syncing firewall
Mar  1 08:32:14 server check_reload_status: Syncing firewall
Mar  1 08:33:19 server check_reload_status: Syncing firewall
Mar  1 08:33:41 server check_reload_status: Syncing firewall
Mar  1 08:34:43 server check_reload_status: Syncing firewall
Mar  1 08:34:50 server check_reload_status: Syncing firewall
Mar  1 08:35:02 server check_reload_status: Syncing firewall
Mar  1 08:36:57 server check_reload_status: Syncing firewall
Mar  1 08:38:21 server check_reload_status: Syncing firewall
Mar  1 08:40:16 server check_reload_status: Syncing firewall
Mar  1 08:41:28 server check_reload_status: Syncing firewall
Mar  1 08:41:38 server check_reload_status: Syncing firewall
Mar  1 08:42:07 server check_reload_status: Syncing firewall
Mar  1 08:42:15 server check_reload_status: Syncing firewall
Mar  1 17:32:32 server syslogd: kernel boot file is /boot/kernel/kernel
Mar  1 17:32:32 server kernel: Copyright (c) 1992-2012 The FreeBSD Project.
Mar  1 17:32:32 server kernel: Copyright (c) 1979, 1980, 1983, 1986, 1988, 1989, 1991, 1992, 1993, 1994
Mar  1 17:32:32 server kernel: The Regents of the University of California. All rights reserved.
Mar  1 17:32:32 server kernel: FreeBSD is a registered trademark of The FreeBSD Foundation.
Mar  1 17:32:32 server kernel: FreeBSD 8.3-RELEASE-p16 #0: Mon Aug 25 08:27:11 EDT 2014
Mar  1 17:32:32 server kernel: root@pf2_1_1_amd64.pfsense.org:/usr/obj.amd64/usr/pfSensesrc/src/sys/pfSense_SMP.8 amd64
Mar  1 17:32:32 server kernel: Timecounter "i8254" frequency 1193182 Hz quality 0
Mar  1 17:32:32 server kernel: CPU: AMD Phenom(tm) II X4 965 Processor (3378.06-MHz K8-class CPU)
Mar  1 17:32:32 server kernel: Origin = "AuthenticAMD"  Id = 0x100f43  Family = 10  Model = 4  Stepping = 3
Mar  1 17:32:32 server kernel: Features=0x783fbff<FPU,VME,DE,PSE,TSC,MSR,PAE,MCE,CX8,APIC,SEP,MTRR,PGE,MCA,CMOV,PAT,PSE36,MMX,FXSR,SSE,SSE2>
Mar  1 17:32:32 server kernel: Features2=0x9<SSE3,MON>
Mar  1 17:32:32 server kernel: AMD Features=0xea100800<SYSCALL,NX,FFXSR,RDTSCP,LM,3DNow!+,3DNow!>
Mar  1 17:32:32 server kernel: AMD Features2=0x11<LAHF,CR8>
Mar  1 17:32:32 server kernel: TSC: P-state invariant
Mar  1 17:32:32 server kernel: real memory  = 268369920 (255 MB)
Mar  1 17:32:32 server kernel: avail memory = 232529920 (221 MB)
Mar  1 17:32:32 server kernel: ACPI APIC Table: <VBOX   VBOXAPIC>
Mar  1 17:32:32 server kernel: ioapic0 <Version 1.1> irqs 0-23 on motherboard
Mar  1 17:32:32 server kernel: wlan: mac acl policy registered
Mar  1 17:32:32 server kernel: ipw_bss: You need to read the LICENSE file in /usr/share/doc/legal/intel_ipw/.
Mar  1 17:32:32 server kernel: ipw_bss: If you agree with the license, set legal.intel_ipw.license_ack=1 in /boot/loader.conf.
Mar  1 17:32:32 server kernel: module_register_init: MOD_LOAD (ipw_bss_fw, 0xffffffff804abaf0, 0) error 1
Mar  1 17:32:32 server kernel: ipw_ibss: You need to read the LICENSE file in /usr/share/doc/legal/intel_ipw/.
Mar  1 17:32:32 server kernel: ipw_ibss: If you agree with the license, set legal.intel_ipw.license_ack=1 in /boot/loader.conf.
Mar  1 17:32:32 server kernel: module_register_init: MOD_LOAD (ipw_ibss_fw, 0xffffffff804abb90, 0) error 1
Mar  1 17:32:32 server kernel: ipw_monitor: You need to read the LICENSE file in /usr/share/doc/legal/intel_ipw/.
Mar  1 17:32:32 server kernel: ipw_monitor: If you agree with the license, set legal.intel_ipw.license_ack=1 in /boot/loader.conf.
Mar  1 17:32:32 server kernel: module_register_init: MOD_LOAD (ipw_monitor_fw, 0xffffffff804abc30, 0) error 1
Mar  1 17:32:32 server kernel: kbd1 at kbdmux0
Mar  1 17:32:32 server kernel: cryptosoft0: <software crypto> on motherboard
Mar  1 17:32:32 server kernel: padlock0: No ACE support.
Mar  1 17:32:32 server kernel: acpi0: <VBOX VBOXXSDT> on motherboard
Mar  1 17:32:32 server kernel: acpi0: [ITHREAD]
Mar  1 17:32:32 server kernel: acpi0: Power Button (fixed)
Mar  1 17:32:32 server kernel: acpi0: Sleep Button (fixed)
Mar  1 17:32:32 server kernel: Timecounter "ACPI-safe" frequency 3579545 Hz quality 850
Mar  1 17:32:32 server kernel: acpi_timer0: <32-bit timer at 3.579545MHz> port 0x4008-0x400b on acpi0
Mar  1 17:32:32 server kernel: cpu0: <ACPI CPU> on acpi0
Mar  1 17:32:32 server kernel: pcib0: <ACPI Host-PCI bridge> port 0xcf8-0xcff on acpi0
Mar  1 17:32:32 server kernel: pci0: <ACPI PCI bus> on pcib0
Mar  1 17:32:32 server kernel: isab0: <PCI-ISA bridge> at device 1.0 on pci0
Mar  1 17:32:32 server kernel: isa0: <ISA bus> on isab0
Mar  1 17:32:32 server kernel: atapci0: <Intel PIIX4 UDMA33 controller> port 0x1f0-0x1f7,0x3f6,0x170-0x177,0x376,0xd000-0xd00f at device 1.1 on pci0
Mar  1 17:32:32 server kernel: ata0: <ATA channel> at channel 0 on atapci0
Mar  1 17:32:32 server kernel: ata0: [ITHREAD]
Mar  1 17:32:32 server kernel: ata1: <ATA channel> at channel 1 on atapci0
Mar  1 17:32:32 server kernel: ata1: [ITHREAD]
Mar  1 17:32:32 server kernel: vgapci0: <VGA-compatible display> mem 0xe0000000-0xe0ffffff irq 18 at device 2.0 on pci0
Mar  1 17:32:32 server kernel: em0: <Intel(R) PRO/1000 Legacy Network Connection 1.0.6> port 0xd010-0xd017 mem 0xf0000000-0xf001ffff irq 19 at device 3.0 on pci0
Mar  1 17:32:32 server kernel: em0: [FILTER]
Mar  1 17:32:32 server kernel: pci0: <base peripheral> at device 4.0 (no driver attached)
Mar  1 17:32:32 server kernel: pci0: <bridge> at device 7.0 (no driver attached)
Mar  1 17:32:32 server kernel: em1: <Intel(R) PRO/1000 Legacy Network Connection 1.0.6> port 0xd040-0xd047 mem 0xf0820000-0xf083ffff irq 16 at device 8.0 on pci0
Mar  1 17:32:32 server kernel: em1: [FILTER]
Mar  1 17:32:32 server kernel: em2: <Intel(R) PRO/1000 Legacy Network Connection 1.0.6> port 0xd048-0xd04f mem 0xf0840000-0xf085ffff irq 17 at device 9.0 on pci0
Mar  1 17:32:32 server kernel: em2: [FILTER]
Mar  1 17:32:32 server kernel: acpi_acad0: <AC Adapter> on acpi0
Mar  1 17:32:32 server kernel: atkbdc0: <Keyboard controller (i8042)> port 0x60,0x64 irq 1 on acpi0
Mar  1 17:32:32 server kernel: atkbd0: <AT Keyboard> irq 1 on atkbdc0
Mar  1 17:32:32 server kernel: kbd0 at atkbd0
Mar  1 17:32:32 server kernel: atkbd0: [GIANT-LOCKED]
Mar  1 17:32:32 server kernel: atkbd0: [ITHREAD]
Mar  1 17:32:32 server kernel: psm0: <PS/2 Mouse> irq 12 on atkbdc0
Mar  1 17:32:32 server kernel: psm0: [GIANT-LOCKED]
Mar  1 17:32:32 server kernel: psm0: [ITHREAD]
Mar  1 17:32:32 server kernel: psm0: model IntelliMouse Explorer, device ID 4
Mar  1 17:32:32 server kernel: orm0: <ISA Option ROMs> at iomem 0xc0000-0xc7fff,0xe2000-0xeefff on isa0
Mar  1 17:32:32 server kernel: sc0: <System console> at flags 0x100 on isa0
Mar  1 17:32:32 server kernel: sc0: VGA <16 virtual consoles, flags=0x300>
Mar  1 17:32:32 server kernel: vga0: <Generic ISA VGA> at port 0x3c0-0x3df iomem 0xa0000-0xbffff on isa0
Mar  1 17:32:32 server kernel: atrtc0: <AT Real Time Clock> at port 0x70 irq 8 on isa0
Mar  1 17:32:32 server kernel: ppc0: cannot reserve I/O port range
Mar  1 17:32:32 server kernel: Timecounter "TSC" frequency 3378060756 Hz quality 800
Mar  1 17:32:32 server kernel: Timecounters tick every 10.000 msec
Mar  1 17:32:32 server kernel: IPsec: Initialized Security Association Processing.
Mar  1 17:32:32 server kernel: ad0: 2048MB <VBOX HARDDISK 1.0> at ata0-master UDMA33 
Mar  1 17:32:32 server kernel: acd0: DVDROM <VBOX CD-ROM/1.0> at ata1-master UDMA33 
Mar  1 17:32:32 server kernel: Trying to mount root from ufs:/dev/ad0s1a
Mar  1 17:32:32 server kernel: WARNING: / was not properly dismounted
Mar  1 17:32:32 server kernel: ZFS NOTICE: Prefetch is disabled by default if less than 4GB of RAM is present;
Mar  1 17:32:32 server kernel: to enable, add "vfs.zfs.prefetch_disable=0" to /boot/loader.conf.
Mar  1 17:32:32 server kernel: ZFS WARNING: Recommended minimum RAM size is 512MB; expect unstable behavior.
Mar  1 17:32:32 server kernel: ZFS WARNING: Recommended minimum kmem_size is 512MB; expect unstable behavior.
Mar  1 17:32:32 server kernel: Consider tuning vm.kmem_size and vm.kmem_size_max
Mar  1 17:32:32 server kernel: in /boot/loader.conf.
Mar  1 17:32:32 server kernel: ZFS filesystem version 5
Mar  1 17:32:32 server kernel: ZFS storage pool version 28
Mar  1 17:32:32 server sshd[10637]: Server listening on :: port 22.
Mar  1 17:32:32 server sshlockout[11396]: sshlockout/webConfigurator v3.0 starting up
Mar  1 17:32:32 server sshd[10637]: Server listening on 0.0.0.0 port 22.
Mar  1 17:32:32 server php: rc.bootup: Accept router advertisements on interface em0 
Mar  1 17:32:32 server check_reload_status: rc.newwanip starting em0
Mar  1 17:32:32 server php: rc.bootup: Resyncing OpenVPN instances.
Mar  1 17:32:32 server kernel: pflog0: promiscuous mode enabled
Mar  1 17:32:34 server php: rc.newwanip: rc.newwanip: Informational is starting em0.
Mar  1 17:32:34 server php: rc.newwanip: rc.newwanip: on (IP address: 192.168.1.103) (interface: WAN[wan]) (real interface: em0).
Mar  1 17:32:34 server php: rc.newwanip: ROUTING: setting default route to 192.168.1.1
Mar  1 17:32:35 server php: rc.bootup: ROUTING: setting default route to 192.168.1.1
Mar  1 17:32:35 server check_reload_status: Updating all dyndns
Mar  1 17:32:35 server kernel: ipfw2 (+ipv6) initialized, divert loadable, nat loadable, rule-based forwarding enabled, default to accept, logging disabled
Mar  1 17:32:35 server kernel: DUMMYNET 0 with IPv6 initialized (100409)
Mar  1 17:32:35 server kernel: load_dn_sched dn_sched FIFO loaded
Mar  1 17:32:35 server kernel: load_dn_sched dn_sched QFQ loaded
Mar  1 17:32:35 server kernel: load_dn_sched dn_sched RR loaded
Mar  1 17:32:35 server kernel: load_dn_sched dn_sched WF2Q+ loaded
Mar  1 17:32:35 server kernel: load_dn_sched dn_sched PRIO loaded
Mar  1 09:32:41 server php: rc.newwanip: Resyncing OpenVPN instances for interface WAN.
Mar  1 09:32:41 server php: rc.newwanip: Creating rrd update script
Mar  1 09:32:42 server php: rc.bootup: Creating rrd update script
Mar  1 09:32:42 server syslogd: exiting on signal 15
Mar  1 09:32:42 server syslogd: kernel boot file is /boot/kernel/kernel
Mar  1 09:32:42 server php: rc.start_packages: Restarting/Starting all packages.
Mar  1 09:32:43 server php: rc.newwanip: Smartlaunch package system has detected an ip change 192.168.1.103 ->  192.168.1.103 ... Restarting packages.
Mar  1 09:32:43 server check_reload_status: Starting packages
Mar  1 09:32:43 server check_reload_status: Reloading filter
Mar  1 09:32:45 server login: login on ttyv0 as root
Mar  1 09:32:45 server sshlockout[91544]: sshlockout/webConfigurator v3.0 starting up
Mar  1 09:32:46 server php: rc.start_packages: Restarting/Starting all packages.
Mar  1 09:32:57 server sshd[99018]: Accepted keyboard-interactive/pam for root from 192.168.0.25 port 55056 ssh2
Mar  1 09:32:57 server sshd[99018]: subsystem request for sftp
Mar  1 09:46:54 server php: /index.php: Successful login for user 'admin' from: 192.168.0.25
Mar  1 09:46:54 server php: /index.php: Successful login for user 'admin' from: 192.168.0.25
Mar  1 09:50:23 server check_reload_status: Syncing firewall
Mar  1 09:50:24 server minicron: (/etc/rc.prunecaptiveportal) terminated by signal 15 (Terminated: 15)
Mar  1 09:50:24 server lighttpd[45647]: (server.c.1558) server stopped by UID = 0 PID = 61539 
Mar  1 09:50:24 server check_reload_status: Reloading filter
Mar  1 11:39:47 server login: login on ttyv0 as root
Mar  4 15:32:48 server syslogd: kernel boot file is /boot/kernel/kernel
Mar  4 15:32:48 server kernel: Copyright (c) 1992-2012 The FreeBSD Project.
Mar  4 15:32:48 server kernel: Copyright (c) 1979, 1980, 1983, 1986, 1988, 1989, 1991, 1992, 1993, 1994
Mar  4 15:32:48 server kernel: The Regents of the University of California. All rights reserved.
Mar  4 15:32:48 server kernel: FreeBSD is a registered trademark of The FreeBSD Foundation.
Mar  4 15:32:48 server kernel: FreeBSD 8.3-RELEASE-p16 #0: Mon Aug 25 08:27:11 EDT 2014
Mar  4 15:32:48 server kernel: root@pf2_1_1_amd64.pfsense.org:/usr/obj.amd64/usr/pfSensesrc/src/sys/pfSense_SMP.8 amd64
Mar  4 15:32:48 server kernel: Timecounter "i8254" frequency 1193182 Hz quality 0
Mar  4 15:32:48 server kernel: CPU: AMD Phenom(tm) II X4 965 Processor (3383.06-MHz K8-class CPU)
Mar  4 15:32:48 server kernel: Origin = "AuthenticAMD"  Id = 0x100f43  Family = 10  Model = 4  Stepping = 3
Mar  4 15:32:48 server kernel: Features=0x783fbff<FPU,VME,DE,PSE,TSC,MSR,PAE,MCE,CX8,APIC,SEP,MTRR,PGE,MCA,CMOV,PAT,PSE36,MMX,FXSR,SSE,SSE2>
Mar  4 15:32:48 server kernel: Features2=0x9<SSE3,MON>
Mar  4 15:32:48 server kernel: AMD Features=0xea100800<SYSCALL,NX,FFXSR,RDTSCP,LM,3DNow!+,3DNow!>
Mar  4 15:32:48 server kernel: AMD Features2=0x11<LAHF,CR8>
Mar  4 15:32:48 server kernel: TSC: P-state invariant
Mar  4 15:32:48 server kernel: real memory  = 268369920 (255 MB)
Mar  4 15:32:48 server kernel: avail memory = 232529920 (221 MB)
Mar  4 15:32:48 server kernel: ACPI APIC Table: <VBOX   VBOXAPIC>
Mar  4 15:32:48 server kernel: ioapic0 <Version 1.1> irqs 0-23 on motherboard
Mar  4 15:32:48 server kernel: wlan: mac acl policy registered
Mar  4 15:32:48 server kernel: ipw_bss: You need to read the LICENSE file in /usr/share/doc/legal/intel_ipw/.
Mar  4 15:32:48 server kernel: ipw_bss: If you agree with the license, set legal.intel_ipw.license_ack=1 in /boot/loader.conf.
Mar  4 15:32:48 server kernel: module_register_init: MOD_LOAD (ipw_bss_fw, 0xffffffff804abaf0, 0) error 1
Mar  4 15:32:48 server kernel: ipw_ibss: You need to read the LICENSE file in /usr/share/doc/legal/intel_ipw/.
Mar  4 15:32:48 server kernel: ipw_ibss: If you agree with the license, set legal.intel_ipw.license_ack=1 in /boot/loader.conf.
Mar  4 15:32:48 server kernel: module_register_init: MOD_LOAD (ipw_ibss_fw, 0xffffffff804abb90, 0) error 1
Mar  4 15:32:48 server kernel: ipw_monitor: You need to read the LICENSE file in /usr/share/doc/legal/intel_ipw/.
Mar  4 15:32:48 server kernel: ipw_monitor: If you agree with the license, set legal.intel_ipw.license_ack=1 in /boot/loader.conf.
Mar  4 15:32:48 server kernel: module_register_init: MOD_LOAD (ipw_monitor_fw, 0xffffffff804abc30, 0) error 1
Mar  4 15:32:48 server kernel: kbd1 at kbdmux0
Mar  4 15:32:48 server kernel: cryptosoft0: <software crypto> on motherboard
Mar  4 15:32:48 server kernel: padlock0: No ACE support.
Mar  4 15:32:48 server kernel: acpi0: <VBOX VBOXXSDT> on motherboard
Mar  4 15:32:48 server kernel: acpi0: [ITHREAD]
Mar  4 15:32:48 server kernel: acpi0: Power Button (fixed)
Mar  4 15:32:48 server kernel: acpi0: Sleep Button (fixed)
Mar  4 15:32:48 server kernel: Timecounter "ACPI-safe" frequency 3579545 Hz quality 850
Mar  4 15:32:48 server kernel: acpi_timer0: <32-bit timer at 3.579545MHz> port 0x4008-0x400b on acpi0
Mar  4 15:32:48 server kernel: cpu0: <ACPI CPU> on acpi0
Mar  4 15:32:48 server kernel: pcib0: <ACPI Host-PCI bridge> port 0xcf8-0xcff on acpi0
Mar  4 15:32:48 server kernel: pci0: <ACPI PCI bus> on pcib0
Mar  4 15:32:48 server kernel: isab0: <PCI-ISA bridge> at device 1.0 on pci0
Mar  4 15:32:48 server kernel: isa0: <ISA bus> on isab0
Mar  4 15:32:48 server kernel: atapci0: <Intel PIIX4 UDMA33 controller> port 0x1f0-0x1f7,0x3f6,0x170-0x177,0x376,0xd000-0xd00f at device 1.1 on pci0
Mar  4 15:32:48 server kernel: ata0: <ATA channel> at channel 0 on atapci0
Mar  4 15:32:48 server kernel: ata0: [ITHREAD]
Mar  4 15:32:48 server kernel: ata1: <ATA channel> at channel 1 on atapci0
Mar  4 15:32:48 server kernel: ata1: [ITHREAD]
Mar  4 15:32:48 server kernel: vgapci0: <VGA-compatible display> mem 0xe0000000-0xe0ffffff irq 18 at device 2.0 on pci0
Mar  4 15:32:48 server kernel: em0: <Intel(R) PRO/1000 Legacy Network Connection 1.0.6> port 0xd010-0xd017 mem 0xf0000000-0xf001ffff irq 19 at device 3.0 on pci0
Mar  4 15:32:48 server kernel: em0: [FILTER]
Mar  4 15:32:48 server kernel: pci0: <base peripheral> at device 4.0 (no driver attached)
Mar  4 15:32:48 server kernel: pci0: <bridge> at device 7.0 (no driver attached)
Mar  4 15:32:48 server kernel: em1: <Intel(R) PRO/1000 Legacy Network Connection 1.0.6> port 0xd040-0xd047 mem 0xf0820000-0xf083ffff irq 16 at device 8.0 on pci0
Mar  4 15:32:48 server kernel: em1: [FILTER]
Mar  4 15:32:48 server kernel: em2: <Intel(R) PRO/1000 Legacy Network Connection 1.0.6> port 0xd048-0xd04f mem 0xf0840000-0xf085ffff irq 17 at device 9.0 on pci0
Mar  4 15:32:48 server kernel: em2: [FILTER]
Mar  4 15:32:48 server kernel: acpi_acad0: <AC Adapter> on acpi0
Mar  4 15:32:48 server kernel: atkbdc0: <Keyboard controller (i8042)> port 0x60,0x64 irq 1 on acpi0
Mar  4 15:32:48 server kernel: atkbd0: <AT Keyboard> irq 1 on atkbdc0
Mar  4 15:32:48 server kernel: kbd0 at atkbd0
Mar  4 15:32:48 server kernel: atkbd0: [GIANT-LOCKED]
Mar  4 15:32:48 server kernel: atkbd0: [ITHREAD]
Mar  4 15:32:48 server kernel: psm0: <PS/2 Mouse> irq 12 on atkbdc0
Mar  4 15:32:48 server kernel: psm0: [GIANT-LOCKED]
Mar  4 15:32:48 server kernel: psm0: [ITHREAD]
Mar  4 15:32:48 server kernel: psm0: model IntelliMouse Explorer, device ID 4
Mar  4 15:32:48 server kernel: orm0: <ISA Option ROMs> at iomem 0xc0000-0xc7fff,0xe2000-0xeefff on isa0
Mar  4 15:32:48 server kernel: sc0: <System console> at flags 0x100 on isa0
Mar  4 15:32:48 server kernel: sc0: VGA <16 virtual consoles, flags=0x300>
Mar  4 15:32:48 server kernel: vga0: <Generic ISA VGA> at port 0x3c0-0x3df iomem 0xa0000-0xbffff on isa0
Mar  4 15:32:48 server kernel: atrtc0: <AT Real Time Clock> at port 0x70 irq 8 on isa0
Mar  4 15:32:48 server kernel: ppc0: cannot reserve I/O port range
Mar  4 15:32:48 server kernel: Timecounter "TSC" frequency 3383063693 Hz quality 800
Mar  4 15:32:48 server kernel: Timecounters tick every 10.000 msec
Mar  4 15:32:48 server kernel: IPsec: Initialized Security Association Processing.
Mar  4 15:32:48 server kernel: ad0: 2048MB <VBOX HARDDISK 1.0> at ata0-master UDMA33 
Mar  4 15:32:48 server kernel: acd0: DVDROM <VBOX CD-ROM/1.0> at ata1-master UDMA33 
Mar  4 15:32:48 server kernel: Trying to mount root from ufs:/dev/ad0s1a
Mar  4 15:32:48 server kernel: WARNING: / was not properly dismounted
Mar  4 15:32:48 server kernel: ZFS NOTICE: Prefetch is disabled by default if less than 4GB of RAM is present;
Mar  4 15:32:48 server kernel: to enable, add "vfs.zfs.prefetch_disable=0" to /boot/loader.conf.
Mar  4 15:32:48 server kernel: ZFS WARNING: Recommended minimum RAM size is 512MB; expect unstable behavior.
Mar  4 15:32:48 server kernel: ZFS WARNING: Recommended minimum kmem_size is 512MB; expect unstable behavior.
Mar  4 15:32:48 server kernel: Consider tuning vm.kmem_size and vm.kmem_size_max
Mar  4 15:32:48 server kernel: in /boot/loader.conf.
Mar  4 15:32:48 server kernel: ZFS filesystem version 5
Mar  4 15:32:48 server kernel: ZFS storage pool version 28
Mar  4 15:32:48 server sshd[9021]: Server listening on :: port 22.
Mar  4 15:32:48 server sshd[9021]: Server listening on 0.0.0.0 port 22.
Mar  4 15:32:48 server sshlockout[9350]: sshlockout/webConfigurator v3.0 starting up
Mar  4 15:32:52 server check_reload_status: rc.newwanip starting em0
Mar  4 15:32:52 server php: rc.bootup: Accept router advertisements on interface em0 
Mar  4 15:32:52 server php: rc.bootup: Resyncing OpenVPN instances.
Mar  4 15:32:52 server kernel: pflog0: promiscuous mode enabled
Mar  4 15:32:55 server php: rc.newwanip: rc.newwanip: Informational is starting em0.
Mar  4 15:32:55 server php: rc.newwanip: rc.newwanip: on (IP address: 192.168.1.104) (interface: WAN[wan]) (real interface: em0).
Mar  4 15:32:55 server php: rc.newwanip: ROUTING: setting default route to 192.168.1.1
Mar  4 15:32:56 server php: rc.bootup: ROUTING: setting default route to 192.168.1.1
Mar  4 15:32:56 server check_reload_status: Updating all dyndns
Mar  4 15:32:56 server kernel: ipfw2 (+ipv6) initialized, divert loadable, nat loadable, rule-based forwarding enabled, default to accept, logging disabled
Mar  4 15:32:56 server kernel: DUMMYNET 0 with IPv6 initialized (100409)
Mar  4 15:32:56 server kernel: load_dn_sched dn_sched FIFO loaded
Mar  4 15:32:56 server kernel: load_dn_sched dn_sched QFQ loaded
Mar  4 15:32:56 server kernel: load_dn_sched dn_sched RR loaded
Mar  4 15:32:56 server kernel: load_dn_sched dn_sched WF2Q+ loaded
Mar  4 15:32:56 server kernel: load_dn_sched dn_sched PRIO loaded
Mar  4 07:33:05 server php: rc.newwanip: Resyncing OpenVPN instances for interface WAN.
Mar  4 07:33:05 server php: rc.newwanip: Creating rrd update script
Mar  4 07:33:05 server php: rc.bootup: Creating rrd update script
Mar  4 07:33:05 server syslogd: exiting on signal 15
Mar  4 07:33:05 server syslogd: kernel boot file is /boot/kernel/kernel
Mar  4 07:33:05 server php: rc.start_packages: Restarting/Starting all packages.
Mar  4 07:33:07 server php: rc.newwanip: Smartlaunch package system has detected an ip change 192.168.1.103 ->  192.168.1.104 ... Restarting packages.
Mar  4 07:33:07 server check_reload_status: Starting packages
Mar  4 07:33:07 server check_reload_status: Reloading filter
Mar  4 07:33:09 server login: login on ttyv0 as root
Mar  4 07:33:09 server sshlockout[94742]: sshlockout/webConfigurator v3.0 starting up
Mar  4 07:33:09 server php: rc.start_packages: Restarting/Starting all packages.
Mar  4 08:03:50 server php: /index.php: Successful login for user 'admin' from: 192.168.0.25
Mar  4 08:03:50 server php: /index.php: Successful login for user 'admin' from: 192.168.0.25
Mar  4 09:24:24 server check_reload_status: Syncing firewall
Mar  4 09:31:46 server check_reload_status: Syncing firewall
Mar  4 09:31:50 server check_reload_status: Syncing firewall
Mar  4 09:32:15 server check_reload_status: Syncing firewall
Mar  4 09:32:35 server check_reload_status: Syncing firewall
Mar  4 09:32:44 server check_reload_status: Syncing firewall
Mar  4 09:32:44 server minicron: (/etc/rc.prunecaptiveportal) terminated by signal 15 (Terminated: 15)
Mar  4 09:32:44 server lighttpd[48281]: (server.c.1558) server stopped by UID = 0 PID = 28424 
Mar  4 09:32:44 server check_reload_status: Reloading filter
Mar  4 09:53:46 server check_reload_status: Syncing firewall
Mar  4 18:07:24 server syslogd: kernel boot file is /boot/kernel/kernel
Mar  4 18:07:24 server kernel: Copyright (c) 1992-2012 The FreeBSD Project.
Mar  4 18:07:24 server kernel: Copyright (c) 1979, 1980, 1983, 1986, 1988, 1989, 1991, 1992, 1993, 1994
Mar  4 18:07:24 server kernel: The Regents of the University of California. All rights reserved.
Mar  4 18:07:24 server kernel: FreeBSD is a registered trademark of The FreeBSD Foundation.
Mar  4 18:07:24 server kernel: FreeBSD 8.3-RELEASE-p16 #0: Mon Aug 25 08:27:11 EDT 2014
Mar  4 18:07:24 server kernel: root@pf2_1_1_amd64.pfsense.org:/usr/obj.amd64/usr/pfSensesrc/src/sys/pfSense_SMP.8 amd64
Mar  4 18:07:24 server kernel: Timecounter "i8254" frequency 1193182 Hz quality 0
Mar  4 18:07:24 server kernel: CPU: AMD Phenom(tm) II X4 965 Processor (3384.60-MHz K8-class CPU)
Mar  4 18:07:24 server kernel: Origin = "AuthenticAMD"  Id = 0x100f43  Family = 10  Model = 4  Stepping = 3
Mar  4 18:07:24 server kernel: Features=0x783fbff<FPU,VME,DE,PSE,TSC,MSR,PAE,MCE,CX8,APIC,SEP,MTRR,PGE,MCA,CMOV,PAT,PSE36,MMX,FXSR,SSE,SSE2>
Mar  4 18:07:24 server kernel: Features2=0x9<SSE3,MON>
Mar  4 18:07:24 server kernel: AMD Features=0xea100800<SYSCALL,NX,FFXSR,RDTSCP,LM,3DNow!+,3DNow!>
Mar  4 18:07:24 server kernel: AMD Features2=0x11<LAHF,CR8>
Mar  4 18:07:24 server kernel: TSC: P-state invariant
Mar  4 18:07:24 server kernel: real memory  = 268369920 (255 MB)
Mar  4 18:07:24 server kernel: avail memory = 232529920 (221 MB)
Mar  4 18:07:24 server kernel: ACPI APIC Table: <VBOX   VBOXAPIC>
Mar  4 18:07:24 server kernel: ioapic0 <Version 1.1> irqs 0-23 on motherboard
Mar  4 18:07:24 server kernel: wlan: mac acl policy registered
Mar  4 18:07:24 server kernel: ipw_bss: You need to read the LICENSE file in /usr/share/doc/legal/intel_ipw/.
Mar  4 18:07:24 server kernel: ipw_bss: If you agree with the license, set legal.intel_ipw.license_ack=1 in /boot/loader.conf.
Mar  4 18:07:24 server kernel: module_register_init: MOD_LOAD (ipw_bss_fw, 0xffffffff804abaf0, 0) error 1
Mar  4 18:07:24 server kernel: ipw_ibss: You need to read the LICENSE file in /usr/share/doc/legal/intel_ipw/.
Mar  4 18:07:24 server kernel: ipw_ibss: If you agree with the license, set legal.intel_ipw.license_ack=1 in /boot/loader.conf.
Mar  4 18:07:24 server kernel: module_register_init: MOD_LOAD (ipw_ibss_fw, 0xffffffff804abb90, 0) error 1
Mar  4 18:07:24 server kernel: ipw_monitor: You need to read the LICENSE file in /usr/share/doc/legal/intel_ipw/.
Mar  4 18:07:24 server kernel: ipw_monitor: If you agree with the license, set legal.intel_ipw.license_ack=1 in /boot/loader.conf.
Mar  4 18:07:24 server kernel: module_register_init: MOD_LOAD (ipw_monitor_fw, 0xffffffff804abc30, 0) error 1
Mar  4 18:07:24 server kernel: kbd1 at kbdmux0
Mar  4 18:07:24 server kernel: cryptosoft0: <software crypto> on motherboard
Mar  4 18:07:24 server kernel: padlock0: No ACE support.
Mar  4 18:07:24 server kernel: acpi0: <VBOX VBOXXSDT> on motherboard
Mar  4 18:07:24 server kernel: acpi0: [ITHREAD]
Mar  4 18:07:24 server kernel: acpi0: Power Button (fixed)
Mar  4 18:07:24 server kernel: acpi0: Sleep Button (fixed)
Mar  4 18:07:24 server kernel: Timecounter "ACPI-safe" frequency 3579545 Hz quality 850
Mar  4 18:07:24 server kernel: acpi_timer0: <32-bit timer at 3.579545MHz> port 0x4008-0x400b on acpi0
Mar  4 18:07:24 server kernel: cpu0: <ACPI CPU> on acpi0
Mar  4 18:07:24 server kernel: pcib0: <ACPI Host-PCI bridge> port 0xcf8-0xcff on acpi0
Mar  4 18:07:24 server kernel: pci0: <ACPI PCI bus> on pcib0
Mar  4 18:07:24 server kernel: isab0: <PCI-ISA bridge> at device 1.0 on pci0
Mar  4 18:07:24 server kernel: isa0: <ISA bus> on isab0
Mar  4 18:07:24 server kernel: atapci0: <Intel PIIX4 UDMA33 controller> port 0x1f0-0x1f7,0x3f6,0x170-0x177,0x376,0xd000-0xd00f at device 1.1 on pci0
Mar  4 18:07:24 server kernel: ata0: <ATA channel> at channel 0 on atapci0
Mar  4 18:07:24 server kernel: ata0: [ITHREAD]
Mar  4 18:07:24 server kernel: ata1: <ATA channel> at channel 1 on atapci0
Mar  4 18:07:24 server kernel: ata1: [ITHREAD]
Mar  4 18:07:24 server kernel: vgapci0: <VGA-compatible display> mem 0xe0000000-0xe0ffffff irq 18 at device 2.0 on pci0
Mar  4 18:07:24 server kernel: em0: <Intel(R) PRO/1000 Legacy Network Connection 1.0.6> port 0xd010-0xd017 mem 0xf0000000-0xf001ffff irq 19 at device 3.0 on pci0
Mar  4 18:07:24 server kernel: em0: [FILTER]
Mar  4 18:07:24 server kernel: pci0: <base peripheral> at device 4.0 (no driver attached)
Mar  4 18:07:24 server kernel: pci0: <bridge> at device 7.0 (no driver attached)
Mar  4 18:07:24 server kernel: em1: <Intel(R) PRO/1000 Legacy Network Connection 1.0.6> port 0xd040-0xd047 mem 0xf0820000-0xf083ffff irq 16 at device 8.0 on pci0
Mar  4 18:07:24 server kernel: em1: [FILTER]
Mar  4 18:07:24 server kernel: em2: <Intel(R) PRO/1000 Legacy Network Connection 1.0.6> port 0xd048-0xd04f mem 0xf0840000-0xf085ffff irq 17 at device 9.0 on pci0
Mar  4 18:07:24 server kernel: em2: [FILTER]
Mar  4 18:07:24 server kernel: acpi_acad0: <AC Adapter> on acpi0
Mar  4 18:07:24 server kernel: atkbdc0: <Keyboard controller (i8042)> port 0x60,0x64 irq 1 on acpi0
Mar  4 18:07:24 server kernel: atkbd0: <AT Keyboard> irq 1 on atkbdc0
Mar  4 18:07:24 server kernel: kbd0 at atkbd0
Mar  4 18:07:24 server kernel: atkbd0: [GIANT-LOCKED]
Mar  4 18:07:24 server kernel: atkbd0: [ITHREAD]
Mar  4 18:07:24 server kernel: psm0: <PS/2 Mouse> irq 12 on atkbdc0
Mar  4 18:07:24 server kernel: psm0: [GIANT-LOCKED]
Mar  4 18:07:24 server kernel: psm0: [ITHREAD]
Mar  4 18:07:24 server kernel: psm0: model IntelliMouse Explorer, device ID 4
Mar  4 18:07:24 server kernel: orm0: <ISA Option ROMs> at iomem 0xc0000-0xc7fff,0xe2000-0xeefff on isa0
Mar  4 18:07:24 server kernel: sc0: <System console> at flags 0x100 on isa0
Mar  4 18:07:24 server kernel: sc0: VGA <16 virtual consoles, flags=0x300>
Mar  4 18:07:24 server kernel: vga0: <Generic ISA VGA> at port 0x3c0-0x3df iomem 0xa0000-0xbffff on isa0
Mar  4 18:07:24 server kernel: atrtc0: <AT Real Time Clock> at port 0x70 irq 8 on isa0
Mar  4 18:07:24 server kernel: ppc0: cannot reserve I/O port range
Mar  4 18:07:24 server kernel: Timecounter "TSC" frequency 3384600000 Hz quality 800
Mar  4 18:07:24 server kernel: Timecounters tick every 10.000 msec
Mar  4 18:07:24 server kernel: IPsec: Initialized Security Association Processing.
Mar  4 18:07:24 server kernel: ad0: 2048MB <VBOX HARDDISK 1.0> at ata0-master UDMA33 
Mar  4 18:07:24 server kernel: acd0: DVDROM <VBOX CD-ROM/1.0> at ata1-master UDMA33 
Mar  4 18:07:24 server kernel: Trying to mount root from ufs:/dev/ad0s1a
Mar  4 18:07:24 server kernel: WARNING: / was not properly dismounted
Mar  4 18:07:24 server kernel: ZFS NOTICE: Prefetch is disabled by default if less than 4GB of RAM is present;
Mar  4 18:07:24 server kernel: to enable, add "vfs.zfs.prefetch_disable=0" to /boot/loader.conf.
Mar  4 18:07:24 server kernel: ZFS WARNING: Recommended minimum RAM size is 512MB; expect unstable behavior.
Mar  4 18:07:24 server kernel: ZFS WARNING: Recommended minimum kmem_size is 512MB; expect unstable behavior.
Mar  4 18:07:24 server kernel: Consider tuning vm.kmem_size and vm.kmem_size_max
Mar  4 18:07:24 server kernel: in /boot/loader.conf.
Mar  4 18:07:24 server kernel: ZFS filesystem version 5
Mar  4 18:07:24 server kernel: ZFS storage pool version 28
Mar  4 18:07:24 server sshd[9662]: Server listening on :: port 22.
Mar  4 18:07:24 server sshd[9662]: Server listening on 0.0.0.0 port 22.
Mar  4 18:07:24 server sshlockout[9734]: sshlockout/webConfigurator v3.0 starting up
Mar  4 18:07:24 server php: rc.bootup: Accept router advertisements on interface em0 
Mar  4 18:07:24 server check_reload_status: rc.newwanip starting em0
Mar  4 18:07:24 server php: rc.bootup: Resyncing OpenVPN instances.
Mar  4 18:07:24 server kernel: pflog0: promiscuous mode enabled
Mar  4 18:07:26 server php: rc.newwanip: rc.newwanip: Informational is starting em0.
Mar  4 18:07:26 server php: rc.newwanip: rc.newwanip: on (IP address: 192.168.1.104) (interface: WAN[wan]) (real interface: em0).
Mar  4 18:07:26 server php: rc.newwanip: ROUTING: setting default route to 192.168.1.1
Mar  4 18:07:27 server php: rc.bootup: ROUTING: setting default route to 192.168.1.1
Mar  4 18:07:28 server check_reload_status: Updating all dyndns
Mar  4 18:07:28 server kernel: ipfw2 (+ipv6) initialized, divert loadable, nat loadable, rule-based forwarding enabled, default to accept, logging disabled
Mar  4 18:07:28 server kernel: DUMMYNET 0 with IPv6 initialized (100409)
Mar  4 18:07:28 server kernel: load_dn_sched dn_sched FIFO loaded
Mar  4 18:07:28 server kernel: load_dn_sched dn_sched QFQ loaded
Mar  4 18:07:28 server kernel: load_dn_sched dn_sched RR loaded
Mar  4 18:07:28 server kernel: load_dn_sched dn_sched WF2Q+ loaded
Mar  4 18:07:28 server kernel: load_dn_sched dn_sched PRIO loaded
Mar  4 10:07:37 server php: rc.newwanip: Resyncing OpenVPN instances for interface WAN.
Mar  4 10:07:37 server php: rc.newwanip: Creating rrd update script
Mar  4 10:07:37 server php: rc.bootup: Creating rrd update script
Mar  4 10:07:38 server syslogd: exiting on signal 15
Mar  4 10:07:38 server syslogd: kernel boot file is /boot/kernel/kernel
Mar  4 10:07:38 server php: rc.start_packages: Restarting/Starting all packages.
Mar  4 10:07:39 server php: rc.newwanip: Smartlaunch package system has detected an ip change 192.168.1.104 ->  192.168.1.104 ... Restarting packages.
Mar  4 10:07:39 server check_reload_status: Starting packages
Mar  4 10:07:39 server check_reload_status: Reloading filter
Mar  4 10:07:41 server login: login on ttyv0 as root
Mar  4 10:07:41 server sshlockout[92616]: sshlockout/webConfigurator v3.0 starting up
Mar  4 10:07:42 server php: rc.start_packages: Restarting/Starting all packages.
Mar  4 10:07:51 server php: /services_captiveportal_hostname.php: Successful login for user 'admin' from: 192.168.0.25
Mar  4 10:07:51 server php: /services_captiveportal_hostname.php: Successful login for user 'admin' from: 192.168.0.25
Mar  4 11:48:25 server check_reload_status: Syncing firewall
Mar  4 11:48:28 server check_reload_status: Reloading filter
Mar  4 11:51:16 server sshd[32396]: Accepted keyboard-interactive/pam for root from 192.168.0.25 port 50344 ssh2
Mar  4 11:51:16 server sshd[32396]: subsystem request for sftp
Mar  4 11:58:16 server sshd[38386]: Accepted keyboard-interactive/pam for root from 192.168.0.25 port 51933 ssh2
Mar  4 11:58:16 server sshd[38386]: subsystem request for sftp
Mar  4 12:05:02 server sshd[30427]: Accepted keyboard-interactive/pam for adminssh from 192.168.0.25 port 54324 ssh2
Mar  4 12:05:57 server sudo: adminssh : TTY=pts/0 ; PWD=/home/adminssh ; USER=root ; COMMAND=/usr/bin/su
Mar  4 12:11:52 server check_reload_status: Syncing firewall
Mar  4 12:12:27 server check_reload_status: Syncing firewall
Mar  4 12:13:29 server check_reload_status: Syncing firewall
Mar  4 12:13:51 server check_reload_status: Syncing firewall
Mar  4 12:14:49 server sshd[89012]: Accepted keyboard-interactive/pam for adminssh from 192.168.0.25 port 57269 ssh2
Mar  4 12:14:49 server sudo: adminssh : TTY=unknown ; PWD=/home/adminssh ; USER=root ; COMMAND=/bin/cat
Mar  4 12:14:49 server sshd[90333]: Accepted keyboard-interactive/pam for adminssh from 192.168.0.25 port 57271 ssh2
Mar  4 12:14:52 server sshd[92061]: Did not receive identification string from 192.168.0.25
Mar  4 12:14:53 server sshd[92271]: Did not receive identification string from 192.168.0.25
Mar  4 12:14:53 server sshd[92347]: Did not receive identification string from 192.168.0.25
Mar  4 12:14:54 server sshd[92608]: Accepted keyboard-interactive/pam for adminssh from 192.168.0.25 port 57299 ssh2
Mar  4 12:14:56 server sshd[94664]: Did not receive identification string from 192.168.0.25
Mar  4 12:15:59 server check_reload_status: Syncing firewall
Mar  4 12:16:39 server check_reload_status: Syncing firewall
Mar  4 12:43:26 server login: login on ttyv0 as root
Mar  4 12:43:34 server php: rc.initial.reboot: Stopping all packages.
Mar  4 12:43:36 server shutdown: reboot by root: 
Mar  4 12:43:36 server shutdown: reboot by root: 
Mar  4 12:43:39 server syslogd: exiting on signal 15
Mar  4 12:44:33 server syslogd: kernel boot file is /boot/kernel/kernel
Mar  4 12:44:33 server kernel: Copyright (c) 1992-2012 The FreeBSD Project.
Mar  4 12:44:33 server kernel: Copyright (c) 1979, 1980, 1983, 1986, 1988, 1989, 1991, 1992, 1993, 1994
Mar  4 12:44:33 server kernel: The Regents of the University of California. All rights reserved.
Mar  4 12:44:33 server kernel: FreeBSD is a registered trademark of The FreeBSD Foundation.
Mar  4 12:44:33 server kernel: FreeBSD 8.3-RELEASE-p16 #0: Mon Aug 25 08:27:11 EDT 2014
Mar  4 12:44:33 server kernel: root@pf2_1_1_amd64.pfsense.org:/usr/obj.amd64/usr/pfSensesrc/src/sys/pfSense_SMP.8 amd64
Mar  4 12:44:33 server kernel: Timecounter "i8254" frequency 1193182 Hz quality 0
Mar  4 12:44:33 server kernel: CPU: AMD Phenom(tm) II X4 965 Processor (3383.73-MHz K8-class CPU)
Mar  4 12:44:33 server kernel: Origin = "AuthenticAMD"  Id = 0x100f43  Family = 10  Model = 4  Stepping = 3
Mar  4 12:44:33 server kernel: Features=0x783fbff<FPU,VME,DE,PSE,TSC,MSR,PAE,MCE,CX8,APIC,SEP,MTRR,PGE,MCA,CMOV,PAT,PSE36,MMX,FXSR,SSE,SSE2>
Mar  4 12:44:33 server kernel: Features2=0x9<SSE3,MON>
Mar  4 12:44:33 server kernel: AMD Features=0xea100800<SYSCALL,NX,FFXSR,RDTSCP,LM,3DNow!+,3DNow!>
Mar  4 12:44:33 server kernel: AMD Features2=0x11<LAHF,CR8>
Mar  4 12:44:33 server kernel: TSC: P-state invariant
Mar  4 12:44:33 server kernel: real memory  = 268369920 (255 MB)
Mar  4 12:44:33 server kernel: avail memory = 232529920 (221 MB)
Mar  4 12:44:33 server kernel: ACPI APIC Table: <VBOX   VBOXAPIC>
Mar  4 12:44:33 server kernel: ioapic0 <Version 1.1> irqs 0-23 on motherboard
Mar  4 12:44:33 server kernel: wlan: mac acl policy registered
Mar  4 12:44:33 server kernel: ipw_bss: You need to read the LICENSE file in /usr/share/doc/legal/intel_ipw/.
Mar  4 12:44:33 server kernel: ipw_bss: If you agree with the license, set legal.intel_ipw.license_ack=1 in /boot/loader.conf.
Mar  4 12:44:33 server kernel: module_register_init: MOD_LOAD (ipw_bss_fw, 0xffffffff804abaf0, 0) error 1
Mar  4 12:44:33 server kernel: ipw_ibss: You need to read the LICENSE file in /usr/share/doc/legal/intel_ipw/.
Mar  4 12:44:33 server kernel: ipw_ibss: If you agree with the license, set legal.intel_ipw.license_ack=1 in /boot/loader.conf.
Mar  4 12:44:33 server kernel: module_register_init: MOD_LOAD (ipw_ibss_fw, 0xffffffff804abb90, 0) error 1
Mar  4 12:44:33 server kernel: ipw_monitor: You need to read the LICENSE file in /usr/share/doc/legal/intel_ipw/.
Mar  4 12:44:33 server kernel: ipw_monitor: If you agree with the license, set legal.intel_ipw.license_ack=1 in /boot/loader.conf.
Mar  4 12:44:33 server kernel: module_register_init: MOD_LOAD (ipw_monitor_fw, 0xffffffff804abc30, 0) error 1
Mar  4 12:44:33 server kernel: kbd1 at kbdmux0
Mar  4 12:44:33 server kernel: cryptosoft0: <software crypto> on motherboard
Mar  4 12:44:33 server kernel: padlock0: No ACE support.
Mar  4 12:44:33 server kernel: acpi0: <VBOX VBOXXSDT> on motherboard
Mar  4 12:44:33 server kernel: acpi0: [ITHREAD]
Mar  4 12:44:33 server kernel: acpi0: Power Button (fixed)
Mar  4 12:44:33 server kernel: acpi0: Sleep Button (fixed)
Mar  4 12:44:33 server kernel: Timecounter "ACPI-safe" frequency 3579545 Hz quality 850
Mar  4 12:44:33 server kernel: acpi_timer0: <32-bit timer at 3.579545MHz> port 0x4008-0x400b on acpi0
Mar  4 12:44:33 server kernel: cpu0: <ACPI CPU> on acpi0
Mar  4 12:44:33 server kernel: pcib0: <ACPI Host-PCI bridge> port 0xcf8-0xcff on acpi0
Mar  4 12:44:33 server kernel: pci0: <ACPI PCI bus> on pcib0
Mar  4 12:44:33 server kernel: isab0: <PCI-ISA bridge> at device 1.0 on pci0
Mar  4 12:44:33 server kernel: isa0: <ISA bus> on isab0
Mar  4 12:44:33 server kernel: atapci0: <Intel PIIX4 UDMA33 controller> port 0x1f0-0x1f7,0x3f6,0x170-0x177,0x376,0xd000-0xd00f at device 1.1 on pci0
Mar  4 12:44:33 server kernel: ata0: <ATA channel> at channel 0 on atapci0
Mar  4 12:44:33 server kernel: ata0: [ITHREAD]
Mar  4 12:44:33 server kernel: ata1: <ATA channel> at channel 1 on atapci0
Mar  4 12:44:33 server kernel: ata1: [ITHREAD]
Mar  4 12:44:33 server kernel: vgapci0: <VGA-compatible display> mem 0xe0000000-0xe0ffffff irq 18 at device 2.0 on pci0
Mar  4 12:44:33 server kernel: em0: <Intel(R) PRO/1000 Legacy Network Connection 1.0.6> port 0xd010-0xd017 mem 0xf0000000-0xf001ffff irq 19 at device 3.0 on pci0
Mar  4 12:44:33 server kernel: em0: [FILTER]
Mar  4 12:44:33 server kernel: pci0: <base peripheral> at device 4.0 (no driver attached)
Mar  4 12:44:33 server kernel: pci0: <bridge> at device 7.0 (no driver attached)
Mar  4 12:44:33 server kernel: em1: <Intel(R) PRO/1000 Legacy Network Connection 1.0.6> port 0xd040-0xd047 mem 0xf0820000-0xf083ffff irq 16 at device 8.0 on pci0
Mar  4 12:44:33 server kernel: em1: [FILTER]
Mar  4 12:44:33 server kernel: em2: <Intel(R) PRO/1000 Legacy Network Connection 1.0.6> port 0xd048-0xd04f mem 0xf0840000-0xf085ffff irq 17 at device 9.0 on pci0
Mar  4 12:44:33 server kernel: em2: [FILTER]
Mar  4 12:44:33 server kernel: acpi_acad0: <AC Adapter> on acpi0
Mar  4 12:44:33 server kernel: atkbdc0: <Keyboard controller (i8042)> port 0x60,0x64 irq 1 on acpi0
Mar  4 12:44:33 server kernel: atkbd0: <AT Keyboard> irq 1 on atkbdc0
Mar  4 12:44:33 server kernel: kbd0 at atkbd0
Mar  4 12:44:33 server kernel: atkbd0: [GIANT-LOCKED]
Mar  4 12:44:33 server kernel: atkbd0: [ITHREAD]
Mar  4 12:44:33 server kernel: psm0: <PS/2 Mouse> irq 12 on atkbdc0
Mar  4 12:44:33 server kernel: psm0: [GIANT-LOCKED]
Mar  4 12:44:33 server kernel: psm0: [ITHREAD]
Mar  4 12:44:33 server kernel: psm0: model IntelliMouse Explorer, device ID 4
Mar  4 12:44:33 server kernel: orm0: <ISA Option ROMs> at iomem 0xc0000-0xc7fff,0xe2000-0xeefff on isa0
Mar  4 12:44:33 server kernel: sc0: <System console> at flags 0x100 on isa0
Mar  4 12:44:33 server kernel: sc0: VGA <16 virtual consoles, flags=0x300>
Mar  4 12:44:33 server kernel: vga0: <Generic ISA VGA> at port 0x3c0-0x3df iomem 0xa0000-0xbffff on isa0
Mar  4 12:44:33 server kernel: atrtc0: <AT Real Time Clock> at port 0x70 irq 8 on isa0
Mar  4 12:44:33 server kernel: ppc0: cannot reserve I/O port range
Mar  4 12:44:33 server kernel: Timecounter "TSC" frequency 3383727338 Hz quality 800
Mar  4 12:44:33 server kernel: Timecounters tick every 10.000 msec
Mar  4 12:44:33 server kernel: IPsec: Initialized Security Association Processing.
Mar  4 12:44:33 server kernel: ad0: 2048MB <VBOX HARDDISK 1.0> at ata0-master UDMA33 
Mar  4 12:44:33 server kernel: acd0: DVDROM <VBOX CD-ROM/1.0> at ata1-master UDMA33 
Mar  4 12:44:33 server kernel: Trying to mount root from ufs:/dev/ad0s1a
Mar  4 12:44:33 server kernel: ZFS NOTICE: Prefetch is disabled by default if less than 4GB of RAM is present;
Mar  4 12:44:33 server kernel: to enable, add "vfs.zfs.prefetch_disable=0" to /boot/loader.conf.
Mar  4 12:44:33 server kernel: ZFS WARNING: Recommended minimum RAM size is 512MB; expect unstable behavior.
Mar  4 12:44:33 server kernel: ZFS WARNING: Recommended minimum kmem_size is 512MB; expect unstable behavior.
Mar  4 12:44:33 server kernel: Consider tuning vm.kmem_size and vm.kmem_size_max
Mar  4 12:44:33 server kernel: in /boot/loader.conf.
Mar  4 12:44:33 server kernel: ZFS filesystem version 5
Mar  4 12:44:33 server kernel: ZFS storage pool version 28
Mar  4 12:44:34 server check_reload_status: rc.newwanip starting em0
Mar  4 12:44:34 server php: rc.bootup: Accept router advertisements on interface em0 
Mar  4 12:44:34 server php: rc.bootup: Resyncing OpenVPN instances.
Mar  4 12:44:34 server sshd[18013]: Server listening on :: port 22.
Mar  4 12:44:34 server sshd[18013]: Server listening on 0.0.0.0 port 22.
Mar  4 12:44:34 server sshlockout[18273]: sshlockout/webConfigurator v3.0 starting up
Mar  4 12:44:34 server kernel: pflog0: promiscuous mode enabled
Mar  4 12:44:36 server php: rc.newwanip: rc.newwanip: Informational is starting em0.
Mar  4 12:44:36 server php: rc.newwanip: rc.newwanip: on (IP address: 192.168.1.104) (interface: WAN[wan]) (real interface: em0).
Mar  4 12:44:36 server php: rc.newwanip: ROUTING: setting default route to 192.168.1.1
Mar  4 12:44:37 server php: rc.bootup: ROUTING: setting default route to 192.168.1.1
Mar  4 12:44:38 server check_reload_status: Updating all dyndns
Mar  4 12:44:38 server kernel: ipfw2 (+ipv6) initialized, divert loadable, nat loadable, rule-based forwarding enabled, default to accept, logging disabled
Mar  4 12:44:38 server kernel: DUMMYNET 0 with IPv6 initialized (100409)
Mar  4 12:44:38 server kernel: load_dn_sched dn_sched FIFO loaded
Mar  4 12:44:38 server kernel: load_dn_sched dn_sched QFQ loaded
Mar  4 12:44:38 server kernel: load_dn_sched dn_sched RR loaded
Mar  4 12:44:38 server kernel: load_dn_sched dn_sched WF2Q+ loaded
Mar  4 12:44:38 server kernel: load_dn_sched dn_sched PRIO loaded
Mar  4 12:44:41 server php: rc.newwanip: Resyncing OpenVPN instances for interface WAN.
Mar  4 12:44:41 server php: rc.newwanip: Creating rrd update script
Mar  4 12:44:42 server php: rc.bootup: Creating rrd update script
Mar  4 12:44:42 server syslogd: exiting on signal 15
Mar  4 12:44:42 server syslogd: kernel boot file is /boot/kernel/kernel
Mar  4 12:44:42 server php: rc.start_packages: Restarting/Starting all packages.
Mar  4 12:44:43 server php: rc.newwanip: Smartlaunch package system has detected an ip change 192.168.1.104 ->  192.168.1.104 ... Restarting packages.
